Archive member included to satisfy reference by file (symbol)

c:/ac6/systemworkbench/plugins/fr.ac6.mcu.externaltools.arm-none.win32_1.17.0.201812190825/tools/compiler/bin/../lib/gcc/arm-none-eabi/7.3.1/thumb/v6-m\libgcc.a(_udivsi3.o)
                              StdPeriph_Driver/src/stm32f0xx_rcc.o (__aeabi_uidiv)
c:/ac6/systemworkbench/plugins/fr.ac6.mcu.externaltools.arm-none.win32_1.17.0.201812190825/tools/compiler/bin/../lib/gcc/arm-none-eabi/7.3.1/thumb/v6-m\libgcc.a(_divsi3.o)
                              src/lcd.o (__aeabi_idiv)
c:/ac6/systemworkbench/plugins/fr.ac6.mcu.externaltools.arm-none.win32_1.17.0.201812190825/tools/compiler/bin/../lib/gcc/arm-none-eabi/7.3.1/thumb/v6-m\libgcc.a(_dvmd_tls.o)
                              c:/ac6/systemworkbench/plugins/fr.ac6.mcu.externaltools.arm-none.win32_1.17.0.201812190825/tools/compiler/bin/../lib/gcc/arm-none-eabi/7.3.1/thumb/v6-m\libgcc.a(_udivsi3.o) (__aeabi_idiv0)
c:/ac6/systemworkbench/plugins/fr.ac6.mcu.externaltools.arm-none.win32_1.17.0.201812190825/tools/compiler/bin/../lib/gcc/arm-none-eabi/7.3.1/../../../../arm-none-eabi/lib/thumb/v6-m\libc.a(lib_a-errno.o)
                              src/syscalls.o (__errno)
c:/ac6/systemworkbench/plugins/fr.ac6.mcu.externaltools.arm-none.win32_1.17.0.201812190825/tools/compiler/bin/../lib/gcc/arm-none-eabi/7.3.1/../../../../arm-none-eabi/lib/thumb/v6-m\libc.a(lib_a-exit.o)
                              c:/ac6/systemworkbench/plugins/fr.ac6.mcu.externaltools.arm-none.win32_1.17.0.201812190825/tools/compiler/bin/../lib/gcc/arm-none-eabi/7.3.1/../../../../arm-none-eabi/lib/thumb/v6-m/crt0.o (exit)
c:/ac6/systemworkbench/plugins/fr.ac6.mcu.externaltools.arm-none.win32_1.17.0.201812190825/tools/compiler/bin/../lib/gcc/arm-none-eabi/7.3.1/../../../../arm-none-eabi/lib/thumb/v6-m\libc.a(lib_a-impure.o)
                              c:/ac6/systemworkbench/plugins/fr.ac6.mcu.externaltools.arm-none.win32_1.17.0.201812190825/tools/compiler/bin/../lib/gcc/arm-none-eabi/7.3.1/../../../../arm-none-eabi/lib/thumb/v6-m\libc.a(lib_a-exit.o) (_global_impure_ptr)
c:/ac6/systemworkbench/plugins/fr.ac6.mcu.externaltools.arm-none.win32_1.17.0.201812190825/tools/compiler/bin/../lib/gcc/arm-none-eabi/7.3.1/../../../../arm-none-eabi/lib/thumb/v6-m\libc.a(lib_a-init.o)
                              c:/ac6/systemworkbench/plugins/fr.ac6.mcu.externaltools.arm-none.win32_1.17.0.201812190825/tools/compiler/bin/../lib/gcc/arm-none-eabi/7.3.1/../../../../arm-none-eabi/lib/thumb/v6-m/crt0.o (__libc_init_array)
c:/ac6/systemworkbench/plugins/fr.ac6.mcu.externaltools.arm-none.win32_1.17.0.201812190825/tools/compiler/bin/../lib/gcc/arm-none-eabi/7.3.1/../../../../arm-none-eabi/lib/thumb/v6-m\libc.a(lib_a-memset.o)
                              c:/ac6/systemworkbench/plugins/fr.ac6.mcu.externaltools.arm-none.win32_1.17.0.201812190825/tools/compiler/bin/../lib/gcc/arm-none-eabi/7.3.1/../../../../arm-none-eabi/lib/thumb/v6-m/crt0.o (memset)
c:/ac6/systemworkbench/plugins/fr.ac6.mcu.externaltools.arm-none.win32_1.17.0.201812190825/tools/compiler/bin/../lib/gcc/arm-none-eabi/7.3.1/../../../../arm-none-eabi/lib/thumb/v6-m\libc.a(lib_a-printf.o)
                              src/main.o (printf)
c:/ac6/systemworkbench/plugins/fr.ac6.mcu.externaltools.arm-none.win32_1.17.0.201812190825/tools/compiler/bin/../lib/gcc/arm-none-eabi/7.3.1/../../../../arm-none-eabi/lib/thumb/v6-m\libc.a(lib_a-puts.o)
                              src/main.o (puts)
c:/ac6/systemworkbench/plugins/fr.ac6.mcu.externaltools.arm-none.win32_1.17.0.201812190825/tools/compiler/bin/../lib/gcc/arm-none-eabi/7.3.1/../../../../arm-none-eabi/lib/thumb/v6-m\libc.a(lib_a-setbuf.o)
                              src/main.o (setbuf)
c:/ac6/systemworkbench/plugins/fr.ac6.mcu.externaltools.arm-none.win32_1.17.0.201812190825/tools/compiler/bin/../lib/gcc/arm-none-eabi/7.3.1/../../../../arm-none-eabi/lib/thumb/v6-m\libc.a(lib_a-setvbuf.o)
                              c:/ac6/systemworkbench/plugins/fr.ac6.mcu.externaltools.arm-none.win32_1.17.0.201812190825/tools/compiler/bin/../lib/gcc/arm-none-eabi/7.3.1/../../../../arm-none-eabi/lib/thumb/v6-m\libc.a(lib_a-setbuf.o) (setvbuf)
c:/ac6/systemworkbench/plugins/fr.ac6.mcu.externaltools.arm-none.win32_1.17.0.201812190825/tools/compiler/bin/../lib/gcc/arm-none-eabi/7.3.1/../../../../arm-none-eabi/lib/thumb/v6-m\libc.a(lib_a-strcmp.o)
                              src/main.o (strcmp)
c:/ac6/systemworkbench/plugins/fr.ac6.mcu.externaltools.arm-none.win32_1.17.0.201812190825/tools/compiler/bin/../lib/gcc/arm-none-eabi/7.3.1/../../../../arm-none-eabi/lib/thumb/v6-m\libc.a(lib_a-strlen-stub.o)
                              c:/ac6/systemworkbench/plugins/fr.ac6.mcu.externaltools.arm-none.win32_1.17.0.201812190825/tools/compiler/bin/../lib/gcc/arm-none-eabi/7.3.1/../../../../arm-none-eabi/lib/thumb/v6-m\libc.a(lib_a-puts.o) (strlen)
[...]
Memory Configuration

Name             Origin             Length             Attributes
RAM              0x20000000         0x00008000         xrw
ROM              0x08000000         0x00040000         xr
*default*        0x00000000         0xffffffff

Linker script and memory map

LOAD c:/ac6/systemworkbench/plugins/fr.ac6.mcu.externaltools.arm-none.win32_1.17.0.201812190825/tools/compiler/bin/../lib/gcc/arm-none-eabi/7.3.1/thumb/v6-m/crti.o
LOAD c:/ac6/systemworkbench/plugins/fr.ac6.mcu.externaltools.arm-none.win32_1.17.0.201812190825/tools/compiler/bin/../lib/gcc/arm-none-eabi/7.3.1/thumb/v6-m/crtbegin.o
LOAD c:/ac6/systemworkbench/plugins/fr.ac6.mcu.externaltools.arm-none.win32_1.17.0.201812190825/tools/compiler/bin/../lib/gcc/arm-none-eabi/7.3.1/../../../../arm-none-eabi/lib/thumb/v6-m/crt0.o
LOAD StdPeriph_Driver/src/stm32f0xx_adc.o
LOAD StdPeriph_Driver/src/stm32f0xx_can.o
LOAD StdPeriph_Driver/src/stm32f0xx_cec.o
LOAD StdPeriph_Driver/src/stm32f0xx_comp.o
LOAD StdPeriph_Driver/src/stm32f0xx_crc.o
LOAD StdPeriph_Driver/src/stm32f0xx_crs.o
LOAD StdPeriph_Driver/src/stm32f0xx_dac.o
LOAD StdPeriph_Driver/src/stm32f0xx_dbgmcu.o
LOAD StdPeriph_Driver/src/stm32f0xx_dma.o
LOAD StdPeriph_Driver/src/stm32f0xx_exti.o
LOAD StdPeriph_Driver/src/stm32f0xx_flash.o
LOAD StdPeriph_Driver/src/stm32f0xx_gpio.o
LOAD StdPeriph_Driver/src/stm32f0xx_i2c.o
LOAD StdPeriph_Driver/src/stm32f0xx_iwdg.o
LOAD StdPeriph_Driver/src/stm32f0xx_misc.o
LOAD StdPeriph_Driver/src/stm32f0xx_pwr.o
LOAD StdPeriph_Driver/src/stm32f0xx_rcc.o
LOAD StdPeriph_Driver/src/stm32f0xx_rtc.o
LOAD StdPeriph_Driver/src/stm32f0xx_spi.o
LOAD StdPeriph_Driver/src/stm32f0xx_syscfg.o
LOAD StdPeriph_Driver/src/stm32f0xx_tim.o
LOAD StdPeriph_Driver/src/stm32f0xx_usart.o
LOAD StdPeriph_Driver/src/stm32f0xx_wwdg.o
LOAD src/fifo.o
LOAD src/lcd.o
LOAD src/lrgfnt.o
LOAD src/main.o
LOAD src/syscalls.o
LOAD src/system_stm32f0xx.o
LOAD src/tty.o
LOAD src/ui.o
LOAD startup/startup_stm32.o
LOAD c:/ac6/systemworkbench/plugins/fr.ac6.mcu.externaltools.arm-none.win32_1.17.0.201812190825/tools/compiler/bin/../lib/gcc/arm-none-eabi/7.3.1/../../../../arm-none-eabi/lib/thumb/v6-m\libm.a
START GROUP
LOAD c:/ac6/systemworkbench/plugins/fr.ac6.mcu.externaltools.arm-none.win32_1.17.0.201812190825/tools/compiler/bin/../lib/gcc/arm-none-eabi/7.3.1/thumb/v6-m\libgcc.a
LOAD c:/ac6/systemworkbench/plugins/fr.ac6.mcu.externaltools.arm-none.win32_1.17.0.201812190825/tools/compiler/bin/../lib/gcc/arm-none-eabi/7.3.1/../../../../arm-none-eabi/lib/thumb/v6-m\libc.a
END GROUP
LOAD c:/ac6/systemworkbench/plugins/fr.ac6.mcu.externaltools.arm-none.win32_1.17.0.201812190825/tools/compiler/bin/../lib/gcc/arm-none-eabi/7.3.1/thumb/v6-m/crtend.o
LOAD c:/ac6/systemworkbench/plugins/fr.ac6.mcu.externaltools.arm-none.win32_1.17.0.201812190825/tools/compiler/bin/../lib/gcc/arm-none-eabi/7.3.1/thumb/v6-m/crtn.o
                0x20008000                _estack = 0x20008000
                0x00000000                _Min_Heap_Size = 0x0
                0x00000400                _Min_Stack_Size = 0x400

.isr_vector     0x08000000       0xc0
                0x08000000                . = ALIGN (0x4)
 *(.isr_vector)
 .isr_vector    0x08000000       0xc0 startup/startup_stm32.o
                0x08000000                g_pfnVectors
                0x080000c0                . = ALIGN (0x4)

.text           0x080000c0     0x9170
                0x080000c0                . = ALIGN (0x4)
 *(.text)
 .text          0x080000c0       0x48 c:/ac6/systemworkbench/plugins/fr.ac6.mcu.externaltools.arm-none.win32_1.17.0.201812190825/tools/compiler/bin/../lib/gcc/arm-none-eabi/7.3.1/thumb/v6-m/crtbegin.o
 .text          0x08000108      0x114 c:/ac6/systemworkbench/plugins/fr.ac6.mcu.externaltools.arm-none.win32_1.17.0.201812190825/tools/compiler/bin/../lib/gcc/arm-none-eabi/7.3.1/thumb/v6-m\libgcc.a(_udivsi3.o)
                0x08000108                __aeabi_uidiv
                0x08000108                __udivsi3
                0x08000214                __aeabi_uidivmod
 .text          0x0800021c      0x1d4 c:/ac6/systemworkbench/plugins/fr.ac6.mcu.externaltools.arm-none.win32_1.17.0.201812190825/tools/compiler/bin/../lib/gcc/arm-none-eabi/7.3.1/thumb/v6-m\libgcc.a(_divsi3.o)
                0x0800021c                __divsi3
                0x0800021c                __aeabi_idiv
                0x080003e8                __aeabi_idivmod
 .text          0x080003f0        0x4 c:/ac6/systemworkbench/plugins/fr.ac6.mcu.externaltools.arm-none.win32_1.17.0.201812190825/tools/compiler/bin/../lib/gcc/arm-none-eabi/7.3.1/thumb/v6-m\libgcc.a(_dvmd_tls.o)
                0x080003f0                __aeabi_idiv0
                0x080003f0                __aeabi_ldiv0
 .text          0x080003f4       0x88 c:/ac6/systemworkbench/plugins/fr.ac6.mcu.externaltools.arm-none.win32_1.17.0.201812190825/tools/compiler/bin/../lib/gcc/arm-none-eabi/7.3.1/../../../../arm-none-eabi/lib/thumb/v6-m\libc.a(lib_a-strcmp.o)
                0x080003f4                strcmp
 .text          0x0800047c       0x7c c:/ac6/systemworkbench/plugins/fr.ac6.mcu.externaltools.arm-none.win32_1.17.0.201812190825/tools/compiler/bin/../lib/gcc/arm-none-eabi/7.3.1/thumb/v6-m\libgcc.a(_arm_cmpdf2.o)
                0x0800047c                __aeabi_cdrcmple
                0x0800048c                __aeabi_cdcmple
                0x0800048c                __aeabi_cdcmpeq
                0x0800049c                __aeabi_dcmpeq
                0x080004a8                __aeabi_dcmplt
                0x080004bc                __aeabi_dcmple
                0x080004d0                __aeabi_dcmpgt
                0x080004e4                __aeabi_dcmpge
 .text          0x080004f8       0x40 c:/ac6/systemworkbench/plugins/fr.ac6.mcu.externaltools.arm-none.win32_1.17.0.201812190825/tools/compiler/bin/../lib/gcc/arm-none-eabi/7.3.1/thumb/v6-m\libgcc.a(_aeabi_uldivmod.o)
                0x080004f8                __aeabi_uldivmod
 .text          0x08000538      0x184 c:/ac6/systemworkbench/plugins/fr.ac6.mcu.externaltools.arm-none.win32_1.17.0.201812190825/tools/compiler/bin/../lib/gcc/arm-none-eabi/7.3.1/thumb/v6-m\libgcc.a(_udivmoddi4.o)
                0x08000538                __udivmoddi4
 .text          0x080006bc      0x638 c:/ac6/systemworkbench/plugins/fr.ac6.mcu.externaltools.arm-none.win32_1.17.0.201812190825/tools/compiler/bin/../lib/gcc/arm-none-eabi/7.3.1/thumb/v6-m\libgcc.a(adddf3.o)
                0x080006bc                __aeabi_dadd
 .text          0x08000cf4      0x604 c:/ac6/systemworkbench/plugins/fr.ac6.mcu.externaltools.arm-none.win32_1.17.0.201812190825/tools/compiler/bin/../lib/gcc/arm-none-eabi/7.3.1/thumb/v6-m\libgcc.a(divdf3.o)
                0x08000cf4                __aeabi_ddiv
 .text          0x080012f8       0x78 c:/ac6/systemworkbench/plugins/fr.ac6.mcu.externaltools.arm-none.win32_1.17.0.201812190825/tools/compiler/bin/../lib/gcc/arm-none-eabi/7.3.1/thumb/v6-m\libgcc.a(eqdf2.o)
                0x080012f8                __nedf2
                0x080012f8                __eqdf2
 .text          0x08001370       0xc8 c:/ac6/systemworkbench/plugins/fr.ac6.mcu.externaltools.arm-none.win32_1.17.0.201812190825/tools/compiler/bin/../lib/gcc/arm-none-eabi/7.3.1/thumb/v6-m\libgcc.a(gedf2.o)
                0x08001370                __gedf2
                0x08001370                __gtdf2
 .text          0x08001438       0xd0 c:/ac6/systemworkbench/plugins/fr.ac6.mcu.externaltools.arm-none.win32_1.17.0.201812190825/tools/compiler/bin/../lib/gcc/arm-none-eabi/7.3.1/thumb/v6-m\libgcc.a(ledf2.o)
                0x08001438                __ledf2
                0x08001438                __ltdf2
 .text          0x08001508      0x4e4 c:/ac6/systemworkbench/plugins/fr.ac6.mcu.externaltools.arm-none.win32_1.17.0.201812190825/tools/compiler/bin/../lib/gcc/arm-none-eabi/7.3.1/thumb/v6-m\libgcc.a(muldf3.o)
                0x08001508                __aeabi_dmul
 .text          0x080019ec      0x690 c:/ac6/systemworkbench/plugins/fr.ac6.mcu.externaltools.arm-none.win32_1.17.0.201812190825/tools/compiler/bin/../lib/gcc/arm-none-eabi/7.3.1/thumb/v6-m\libgcc.a(subdf3.o)
                0x080019ec                __aeabi_dsub
 .text          0x0800207c       0x38 c:/ac6/systemworkbench/plugins/fr.ac6.mcu.externaltools.arm-none.win32_1.17.0.201812190825/tools/compiler/bin/../lib/gcc/arm-none-eabi/7.3.1/thumb/v6-m\libgcc.a(unorddf2.o)
                0x0800207c                __aeabi_dcmpun
 .text          0x080020b4       0x6c c:/ac6/systemworkbench/plugins/fr.ac6.mcu.externaltools.arm-none.win32_1.17.0.201812190825/tools/compiler/bin/../lib/gcc/arm-none-eabi/7.3.1/thumb/v6-m\libgcc.a(fixdfsi.o)
                0x080020b4                __aeabi_d2iz
 .text          0x08002120       0x74 c:/ac6/systemworkbench/plugins/fr.ac6.mcu.externaltools.arm-none.win32_1.17.0.201812190825/tools/compiler/bin/../lib/gcc/arm-none-eabi/7.3.1/thumb/v6-m\libgcc.a(floatsidf.o)
                0x08002120                __aeabi_i2d
 .text          0x08002194       0x64 c:/ac6/systemworkbench/plugins/fr.ac6.mcu.externaltools.arm-none.win32_1.17.0.201812190825/tools/compiler/bin/../lib/gcc/arm-none-eabi/7.3.1/thumb/v6-m\libgcc.a(floatunsidf.o)
                0x08002194                __aeabi_ui2d
 .text          0x080021f8       0x3c c:/ac6/systemworkbench/plugins/fr.ac6.mcu.externaltools.arm-none.win32_1.17.0.201812190825/tools/compiler/bin/../lib/gcc/arm-none-eabi/7.3.1/thumb/v6-m\libgcc.a(_clzsi2.o)
                0x080021f8                __clzsi2
 .text          0x08002234       0x18 c:/ac6/systemworkbench/plugins/fr.ac6.mcu.externaltools.arm-none.win32_1.17.0.201812190825/tools/compiler/bin/../lib/gcc/arm-none-eabi/7.3.1/thumb/v6-m\libgcc.a(_clzdi2.o)
                0x08002234                __clzdi2
 *(.text*)
 .text.fifo_empty
                0x0800224c       0x2a src/fifo.o
                0x0800224c                fifo_empty
 .text.fifo_full
                0x08002276       0x3c src/fifo.o
                0x08002276                fifo_full
 .text.fifo_insert
                0x080022b2       0x90 src/fifo.o
                0x080022b2                fifo_insert
 .text.fifo_uninsert
                0x08002342       0x8c src/fifo.o
                0x08002342                fifo_uninsert
 .text.fifo_newline
                0x080023ce       0x3a src/fifo.o
                0x080023ce                fifo_newline
 .text.fifo_remove
                0x08002408       0x8c src/fifo.o
                0x08002408                fifo_remove
 .text.nano_wait
                0x08002494       0x18 src/lcd.o
                0x08002494                nano_wait
 .text.LCD_Reset
                0x080024ac       0x34 src/lcd.o
                0x080024ac                LCD_Reset
 .text.LCD_WR_REG
                0x080024e0       0x3c src/lcd.o
                0x080024e0                LCD_WR_REG
 .text.LCD_WR_DATA
                0x0800251c       0x3c src/lcd.o
                0x0800251c                LCD_WR_DATA
 .text.LCD_WriteData16_Prepare
                0x08002558       0x28 src/lcd.o
                0x08002558                LCD_WriteData16_Prepare
 .text.LCD_WriteData16
                0x08002580       0x30 src/lcd.o
                0x08002580                LCD_WriteData16
 .text.LCD_WriteData16_End
                0x080025b0       0x24 src/lcd.o
                0x080025b0                LCD_WriteData16_End
 .text.LCD_WriteReg
                0x080025d4       0x30 src/lcd.o
                0x080025d4                LCD_WriteReg
 .text.LCD_WriteRAM_Prepare
                0x08002604       0x1c src/lcd.o
                0x08002604                LCD_WriteRAM_Prepare
 .text.LCD_direction
                0x08002620       0xa4 src/lcd.o
                0x08002620                LCD_direction
 .text.LCD_Init
                0x080026c4      0x244 src/lcd.o
                0x080026c4                LCD_Init
 .text.LCD_Clear
                0x08002908       0x70 src/lcd.o
                0x08002908                LCD_Clear
 .text.LCD_SetWindow
                0x08002978       0xc0 src/lcd.o
                0x08002978                LCD_SetWindow
 .text.LCD_DrawPoint
                0x08002a38       0x4e src/lcd.o
                0x08002a38                LCD_DrawPoint
 *fill*         0x08002a86        0x2 
 .text.setup_ports
                0x08002a88      0x14c src/main.o
                0x08002a88                setup_ports
 .text.setup_usart5
                0x08002bd4       0x84 src/main.o
                0x08002bd4                setup_usart5
 .text.setup_exti
                0x08002c58       0x48 src/main.o
                0x08002c58                setup_exti
 .text.setup_spi1
                0x08002ca0       0x44 src/main.o
                0x08002ca0                setup_spi1
 .text.setup_tim7
                0x08002ce4       0x60 src/main.o
                0x08002ce4                setup_tim7
 .text.setup_i2c
                0x08002d44       0x7c src/main.o
                0x08002d44                setup_i2c
 .text.better_putchar
                0x08002dc0       0x48 src/main.o
                0x08002dc0                better_putchar
 .text.interrupt_getchar
                0x08002e08       0x28 src/main.o
                0x08002e08                interrupt_getchar
 .text.__io_putchar
                0x08002e30       0x1a src/main.o
                0x08002e30                __io_putchar
 .text.__io_getchar
                0x08002e4a       0x10 src/main.o
                0x08002e4a                __io_getchar
 *fill*         0x08002e5a        0x2 
 .text.set_row  0x08002e5c       0x2c src/main.o
                0x08002e5c                set_row
 .text.get_cols
                0x08002e88       0x1c src/main.o
                0x08002e88                get_cols
 .text.update_hist
                0x08002ea4       0x68 src/main.o
                0x08002ea4                update_hist
 .text.toggle_A
                0x08002f0c       0x28 src/main.o
                0x08002f0c                toggle_A
 .text.toggle_D
                0x08002f34       0x28 src/main.o
                0x08002f34                toggle_D
 .text.clear    0x08002f5c       0x84 src/main.o
                0x08002f5c                clear
 .text.modifier
                0x08002fe0       0x90 src/main.o
                0x08002fe0                modifier
 .text.add_mod  0x08003070       0x44 src/main.o
                0x08003070                add_mod
 .text.display_settings
                0x080030b4       0x68 src/main.o
                0x080030b4                display_settings
 .text.handle_keypress
                0x0800311c      0x108 src/main.o
                0x0800311c                handle_keypress
 .text.USART3_4_5_6_7_8_IRQHandler
                0x08003224       0x50 src/main.o
                0x08003224                USART3_4_5_6_7_8_IRQHandler
 .text.EXTI0_1_IRQHandler
                0x08003274       0x20 src/main.o
                0x08003274                EXTI0_1_IRQHandler
 .text.TIM7_IRQHandler
                0x08003294       0x54 src/main.o
                0x08003294                TIM7_IRQHandler
 .text.main     0x080032e8       0xd0 src/main.o
                0x080032e8                main
 .text._read    0x080033b8       0x3a src/syscalls.o
                0x080033b8                _read
 .text._write   0x080033f2       0x38 src/syscalls.o
                0x080033f2                _write
 *fill*         0x0800342a        0x2 
 .text._sbrk    0x0800342c       0x58 src/syscalls.o
                0x0800342c                _sbrk
 .text._close   0x08003484       0x14 src/syscalls.o
                0x08003484                _close
 .text._fstat   0x08003498       0x1c src/syscalls.o
                0x08003498                _fstat
 .text._isatty  0x080034b4       0x12 src/syscalls.o
                0x080034b4                _isatty
 .text._lseek   0x080034c6       0x16 src/syscalls.o
                0x080034c6                _lseek
 .text.SystemInit
                0x080034dc       0x8c src/system_stm32f0xx.o
                0x080034dc                SystemInit
 .text.SetSysClock
                0x08003568       0xe0 src/system_stm32f0xx.o
 .text.putstr   0x08003648       0x28 src/tty.o
 .text.insert_echo_char
                0x08003670      0x11c src/tty.o
                0x08003670                insert_echo_char
 .text.printchr
                0x0800378c      0x184 src/ui.o
                0x0800378c                printchr
 .text.LCD_DrawCharScale
                0x08003910      0x3d0 src/ui.o
                0x08003910                LCD_DrawCharScale
 .text.Reset_Handler
                0x08003ce0       0x50 startup/startup_stm32.o
                0x08003ce0                Reset_Handler
 .text.Default_Handler
                0x08003d30        0x2 startup/startup_stm32.o
                0x08003d30                DMA1_CH4_5_6_7_DMA2_CH3_4_5_IRQHandler
                0x08003d30                TIM1_CC_IRQHandler
                0x08003d30                TSC_IRQHandler
                0x08003d30                HardFault_Handler
                0x08003d30                SysTick_Handler
                0x08003d30                PVD_IRQHandler
                0x08003d30                PendSV_Handler
                0x08003d30                NMI_Handler
                0x08003d30                I2C1_IRQHandler
                0x08003d30                RCC_CRS_IRQHandler
                0x08003d30                SPI1_IRQHandler
                0x08003d30                TIM6_DAC_IRQHandler
                0x08003d30                EXTI2_3_IRQHandler
                0x08003d30                I2C2_IRQHandler
                0x08003d30                TIM17_IRQHandler
                0x08003d30                CEC_CAN_IRQHandler
                0x08003d30                RTC_IRQHandler
                0x08003d30                TIM16_IRQHandler
                0x08003d30                TIM3_IRQHandler
                0x08003d30                EXTI4_15_IRQHandler
                0x08003d30                Default_Handler
                0x08003d30                DMA1_CH2_3_DMA2_CH1_2_IRQHandler
                0x08003d30                TIM14_IRQHandler
                0x08003d30                TIM15_IRQHandler
                0x08003d30                USB_IRQHandler
                0x08003d30                SPI2_IRQHandler
                0x08003d30                DMA1_CH1_IRQHandler
                0x08003d30                SVC_Handler
                0x08003d30                WWDG_IRQHandler
                0x08003d30                TIM2_IRQHandler
                0x08003d30                ADC_COMP_IRQHandler
                0x08003d30                USART2_IRQHandler
                0x08003d30                FLASH_IRQHandler
                0x08003d30                USART1_IRQHandler
                0x08003d30                TIM1_BRK_UP_TRG_COM_IRQHandler
 *fill*         0x08003d32        0x2 
 .text.__errno  0x08003d34        0xc c:/ac6/systemworkbench/plugins/fr.ac6.mcu.externaltools.arm-none.win32_1.17.0.201812190825/tools/compiler/bin/../lib/gcc/arm-none-eabi/7.3.1/../../../../arm-none-eabi/lib/thumb/v6-m\libc.a(lib_a-errno.o)
                0x08003d34                __errno
 .text.__libc_init_array
                0x08003d40       0x48 c:/ac6/systemworkbench/plugins/fr.ac6.mcu.externaltools.arm-none.win32_1.17.0.201812190825/tools/compiler/bin/../lib/gcc/arm-none-eabi/7.3.1/../../../../arm-none-eabi/lib/thumb/v6-m\libc.a(lib_a-init.o)
                0x08003d40                __libc_init_array
 .text.memset   0x08003d88       0x9c c:/ac6/systemworkbench/plugins/fr.ac6.mcu.externaltools.arm-none.win32_1.17.0.201812190825/tools/compiler/bin/../lib/gcc/arm-none-eabi/7.3.1/../../../../arm-none-eabi/lib/thumb/v6-m\libc.a(lib_a-memset.o)
                0x08003d88                memset
 .text.printf   0x08003e24       0x24 c:/ac6/systemworkbench/plugins/fr.ac6.mcu.externaltools.arm-none.win32_1.17.0.201812190825/tools/compiler/bin/../lib/gcc/arm-none-eabi/7.3.1/../../../../arm-none-eabi/lib/thumb/v6-m\libc.a(lib_a-printf.o)
                0x08003e24                printf
 .text._puts_r  0x08003e48       0xa0 c:/ac6/systemworkbench/plugins/fr.ac6.mcu.externaltools.arm-none.win32_1.17.0.201812190825/tools/compiler/bin/../lib/gcc/arm-none-eabi/7.3.1/../../../../arm-none-eabi/lib/thumb/v6-m\libc.a(lib_a-puts.o)
                0x08003e48                _puts_r
 .text.puts     0x08003ee8       0x14 c:/ac6/systemworkbench/plugins/fr.ac6.mcu.externaltools.arm-none.win32_1.17.0.201812190825/tools/compiler/bin/../lib/gcc/arm-none-eabi/7.3.1/../../../../arm-none-eabi/lib/thumb/v6-m\libc.a(lib_a-puts.o)
                0x08003ee8                puts
 .text.setbuf   0x08003efc       0x14 c:/ac6/systemworkbench/plugins/fr.ac6.mcu.externaltools.arm-none.win32_1.17.0.201812190825/tools/compiler/bin/../lib/gcc/arm-none-eabi/7.3.1/../../../../arm-none-eabi/lib/thumb/v6-m\libc.a(lib_a-setbuf.o)
                0x08003efc                setbuf
 .text.setvbuf  0x08003f10      0x198 c:/ac6/systemworkbench/plugins/fr.ac6.mcu.externaltools.arm-none.win32_1.17.0.201812190825/tools/compiler/bin/../lib/gcc/arm-none-eabi/7.3.1/../../../../arm-none-eabi/lib/thumb/v6-m\libc.a(lib_a-setvbuf.o)
                0x08003f10                setvbuf
 .text.strlen   0x080040a8       0x64 c:/ac6/systemworkbench/plugins/fr.ac6.mcu.externaltools.arm-none.win32_1.17.0.201812190825/tools/compiler/bin/../lib/gcc/arm-none-eabi/7.3.1/../../../../arm-none-eabi/lib/thumb/v6-m\libc.a(lib_a-strlen-stub.o)
                0x080040a8                strlen
 .text._vfprintf_r
                0x0800410c     0x1c10 c:/ac6/systemworkbench/plugins/fr.ac6.mcu.externaltools.arm-none.win32_1.17.0.201812190825/tools/compiler/bin/../lib/gcc/arm-none-eabi/7.3.1/../../../../arm-none-eabi/lib/thumb/v6-m\libc.a(lib_a-vfprintf.o)
                0x0800410c                _vfprintf_r
 .text.__sbprintf
                0x08005d1c       0x88 c:/ac6/systemworkbench/plugins/fr.ac6.mcu.externaltools.arm-none.win32_1.17.0.201812190825/tools/compiler/bin/../lib/gcc/arm-none-eabi/7.3.1/../../../../arm-none-eabi/lib/thumb/v6-m\libc.a(lib_a-vfprintf.o)
 .text.__swsetup_r
                0x08005da4       0xd4 c:/ac6/systemworkbench/plugins/fr.ac6.mcu.externaltools.arm-none.win32_1.17.0.201812190825/tools/compiler/bin/../lib/gcc/arm-none-eabi/7.3.1/../../../../arm-none-eabi/lib/thumb/v6-m\libc.a(lib_a-wsetup.o)
                0x08005da4                __swsetup_r
 .text.startup.register_fini
                0x08005e78       0x18 c:/ac6/systemworkbench/plugins/fr.ac6.mcu.externaltools.arm-none.win32_1.17.0.201812190825/tools/compiler/bin/../lib/gcc/arm-none-eabi/7.3.1/../../../../arm-none-eabi/lib/thumb/v6-m\libc.a(lib_a-__call_atexit.o)
 .text.atexit   0x08005e90       0x10 c:/ac6/systemworkbench/plugins/fr.ac6.mcu.externaltools.arm-none.win32_1.17.0.201812190825/tools/compiler/bin/../lib/gcc/arm-none-eabi/7.3.1/../../../../arm-none-eabi/lib/thumb/v6-m\libc.a(lib_a-atexit.o)
                0x08005e90                atexit
 .text.quorem   0x08005ea0      0x154 c:/ac6/systemworkbench/plugins/fr.ac6.mcu.externaltools.arm-none.win32_1.17.0.201812190825/tools/compiler/bin/../lib/gcc/arm-none-eabi/7.3.1/../../../../arm-none-eabi/lib/thumb/v6-m\libc.a(lib_a-dtoa.o)
 .text._dtoa_r  0x08005ff4      0xf4c c:/ac6/systemworkbench/plugins/fr.ac6.mcu.externaltools.arm-none.win32_1.17.0.201812190825/tools/compiler/bin/../lib/gcc/arm-none-eabi/7.3.1/../../../../arm-none-eabi/lib/thumb/v6-m\libc.a(lib_a-dtoa.o)
                0x08005ff4                _dtoa_r
 .text.__sflush_r
                0x08006f40      0x150 c:/ac6/systemworkbench/plugins/fr.ac6.mcu.externaltools.arm-none.win32_1.17.0.201812190825/tools/compiler/bin/../lib/gcc/arm-none-eabi/7.3.1/../../../../arm-none-eabi/lib/thumb/v6-m\libc.a(lib_a-fflush.o)
                0x08006f40                __sflush_r
 .text._fflush_r
                0x08007090       0x54 c:/ac6/systemworkbench/plugins/fr.ac6.mcu.externaltools.arm-none.win32_1.17.0.201812190825/tools/compiler/bin/../lib/gcc/arm-none-eabi/7.3.1/../../../../arm-none-eabi/lib/thumb/v6-m\libc.a(lib_a-fflush.o)
                0x08007090                _fflush_r
 .text.std      0x080070e4       0x50 c:/ac6/systemworkbench/plugins/fr.ac6.mcu.externaltools.arm-none.win32_1.17.0.201812190825/tools/compiler/bin/../lib/gcc/arm-none-eabi/7.3.1/../../../../arm-none-eabi/lib/thumb/v6-m\libc.a(lib_a-findfp.o)
 .text._cleanup_r
                0x08007134       0x10 c:/ac6/systemworkbench/plugins/fr.ac6.mcu.externaltools.arm-none.win32_1.17.0.201812190825/tools/compiler/bin/../lib/gcc/arm-none-eabi/7.3.1/../../../../arm-none-eabi/lib/thumb/v6-m\libc.a(lib_a-findfp.o)
                0x08007134                _cleanup_r
 .text.__sinit  0x08007144       0x60 c:/ac6/systemworkbench/plugins/fr.ac6.mcu.externaltools.arm-none.win32_1.17.0.201812190825/tools/compiler/bin/../lib/gcc/arm-none-eabi/7.3.1/../../../../arm-none-eabi/lib/thumb/v6-m\libc.a(lib_a-findfp.o)
                0x08007144                __sinit
 .text.__sfp_lock_acquire
                0x080071a4       0x10 c:/ac6/systemworkbench/plugins/fr.ac6.mcu.externaltools.arm-none.win32_1.17.0.201812190825/tools/compiler/bin/../lib/gcc/arm-none-eabi/7.3.1/../../../../arm-none-eabi/lib/thumb/v6-m\libc.a(lib_a-findfp.o)
                0x080071a4                __sfp_lock_acquire
 .text.__sfp_lock_release
                0x080071b4       0x10 c:/ac6/systemworkbench/plugins/fr.ac6.mcu.externaltools.arm-none.win32_1.17.0.201812190825/tools/compiler/bin/../lib/gcc/arm-none-eabi/7.3.1/../../../../arm-none-eabi/lib/thumb/v6-m\libc.a(lib_a-findfp.o)
                0x080071b4                __sfp_lock_release
 .text.__libc_fini_array
                0x080071c4       0x34 c:/ac6/systemworkbench/plugins/fr.ac6.mcu.externaltools.arm-none.win32_1.17.0.201812190825/tools/compiler/bin/../lib/gcc/arm-none-eabi/7.3.1/../../../../arm-none-eabi/lib/thumb/v6-m\libc.a(lib_a-fini.o)
                0x080071c4                __libc_fini_array
 .text._malloc_trim_r
                0x080071f8       0xa0 c:/ac6/systemworkbench/plugins/fr.ac6.mcu.externaltools.arm-none.win32_1.17.0.201812190825/tools/compiler/bin/../lib/gcc/arm-none-eabi/7.3.1/../../../../arm-none-eabi/lib/thumb/v6-m\libc.a(lib_a-freer.o)
                0x080071f8                _malloc_trim_r
 .text._free_r  0x08007298      0x1d4 c:/ac6/systemworkbench/plugins/fr.ac6.mcu.externaltools.arm-none.win32_1.17.0.201812190825/tools/compiler/bin/../lib/gcc/arm-none-eabi/7.3.1/../../../../arm-none-eabi/lib/thumb/v6-m\libc.a(lib_a-freer.o)
                0x08007298                _free_r
 .text.__sfvwrite_r
                0x0800746c      0x2fc c:/ac6/systemworkbench/plugins/fr.ac6.mcu.externaltools.arm-none.win32_1.17.0.201812190825/tools/compiler/bin/../lib/gcc/arm-none-eabi/7.3.1/../../../../arm-none-eabi/lib/thumb/v6-m\libc.a(lib_a-fvwrite.o)
                0x0800746c                __sfvwrite_r
 .text._fwalk_reent
                0x08007768       0x4c c:/ac6/systemworkbench/plugins/fr.ac6.mcu.externaltools.arm-none.win32_1.17.0.201812190825/tools/compiler/bin/../lib/gcc/arm-none-eabi/7.3.1/../../../../arm-none-eabi/lib/thumb/v6-m\libc.a(lib_a-fwalk.o)
                0x08007768                _fwalk_reent
 .text._localeconv_r
                0x080077b4       0x18 c:/ac6/systemworkbench/plugins/fr.ac6.mcu.externaltools.arm-none.win32_1.17.0.201812190825/tools/compiler/bin/../lib/gcc/arm-none-eabi/7.3.1/../../../../arm-none-eabi/lib/thumb/v6-m\libc.a(lib_a-localeconv.o)
                0x080077b4                _localeconv_r
 .text.__retarget_lock_init_recursive
                0x080077cc        0x4 c:/ac6/systemworkbench/plugins/fr.ac6.mcu.externaltools.arm-none.win32_1.17.0.201812190825/tools/compiler/bin/../lib/gcc/arm-none-eabi/7.3.1/../../../../arm-none-eabi/lib/thumb/v6-m\libc.a(lib_a-lock.o)
                0x080077cc                __retarget_lock_init_recursive
 .text.__retarget_lock_close_recursive
                0x080077d0        0x4 c:/ac6/systemworkbench/plugins/fr.ac6.mcu.externaltools.arm-none.win32_1.17.0.201812190825/tools/compiler/bin/../lib/gcc/arm-none-eabi/7.3.1/../../../../arm-none-eabi/lib/thumb/v6-m\libc.a(lib_a-lock.o)
                0x080077d0                __retarget_lock_close_recursive
 .text.__retarget_lock_acquire_recursive
                0x080077d4        0x4 c:/ac6/systemworkbench/plugins/fr.ac6.mcu.externaltools.arm-none.win32_1.17.0.201812190825/tools/compiler/bin/../lib/gcc/arm-none-eabi/7.3.1/../../../../arm-none-eabi/lib/thumb/v6-m\libc.a(lib_a-lock.o)
                0x080077d4                __retarget_lock_acquire_recursive
 .text.__retarget_lock_release_recursive
                0x080077d8        0x4 c:/ac6/systemworkbench/plugins/fr.ac6.mcu.externaltools.arm-none.win32_1.17.0.201812190825/tools/compiler/bin/../lib/gcc/arm-none-eabi/7.3.1/../../../../arm-none-eabi/lib/thumb/v6-m\libc.a(lib_a-lock.o)
                0x080077d8                __retarget_lock_release_recursive
 .text.__swhatbuf_r
                0x080077dc       0x60 c:/ac6/systemworkbench/plugins/fr.ac6.mcu.externaltools.arm-none.win32_1.17.0.201812190825/tools/compiler/bin/../lib/gcc/arm-none-eabi/7.3.1/../../../../arm-none-eabi/lib/thumb/v6-m\libc.a(lib_a-makebuf.o)
                0x080077dc                __swhatbuf_r
 .text.__smakebuf_r
                0x0800783c       0x90 c:/ac6/systemworkbench/plugins/fr.ac6.mcu.externaltools.arm-none.win32_1.17.0.201812190825/tools/compiler/bin/../lib/gcc/arm-none-eabi/7.3.1/../../../../arm-none-eabi/lib/thumb/v6-m\libc.a(lib_a-makebuf.o)
                0x0800783c                __smakebuf_r
 .text.malloc   0x080078cc       0x14 c:/ac6/systemworkbench/plugins/fr.ac6.mcu.externaltools.arm-none.win32_1.17.0.201812190825/tools/compiler/bin/../lib/gcc/arm-none-eabi/7.3.1/../../../../arm-none-eabi/lib/thumb/v6-m\libc.a(lib_a-malloc.o)
                0x080078cc                malloc
 .text._malloc_r
                0x080078e0      0x554 c:/ac6/systemworkbench/plugins/fr.ac6.mcu.externaltools.arm-none.win32_1.17.0.201812190825/tools/compiler/bin/../lib/gcc/arm-none-eabi/7.3.1/../../../../arm-none-eabi/lib/thumb/v6-m\libc.a(lib_a-mallocr.o)
                0x080078e0                _malloc_r
 .text.memchr   0x08007e34       0x80 c:/ac6/systemworkbench/plugins/fr.ac6.mcu.externaltools.arm-none.win32_1.17.0.201812190825/tools/compiler/bin/../lib/gcc/arm-none-eabi/7.3.1/../../../../arm-none-eabi/lib/thumb/v6-m\libc.a(lib_a-memchr-stub.o)
                0x08007e34                memchr
 .text.memcpy   0x08007eb4       0x88 c:/ac6/systemworkbench/plugins/fr.ac6.mcu.externaltools.arm-none.win32_1.17.0.201812190825/tools/compiler/bin/../lib/gcc/arm-none-eabi/7.3.1/../../../../arm-none-eabi/lib/thumb/v6-m\libc.a(lib_a-memcpy-stub.o)
                0x08007eb4                memcpy
 .text.memmove  0x08007f3c       0x9c c:/ac6/systemworkbench/plugins/fr.ac6.mcu.externaltools.arm-none.win32_1.17.0.201812190825/tools/compiler/bin/../lib/gcc/arm-none-eabi/7.3.1/../../../../arm-none-eabi/lib/thumb/v6-m\libc.a(lib_a-memmove.o)
                0x08007f3c                memmove
 .text.__malloc_lock
                0x08007fd8       0x10 c:/ac6/systemworkbench/plugins/fr.ac6.mcu.externaltools.arm-none.win32_1.17.0.201812190825/tools/compiler/bin/../lib/gcc/arm-none-eabi/7.3.1/../../../../arm-none-eabi/lib/thumb/v6-m\libc.a(lib_a-mlock.o)
                0x08007fd8                __malloc_lock
 .text.__malloc_unlock
                0x08007fe8       0x10 c:/ac6/systemworkbench/plugins/fr.ac6.mcu.externaltools.arm-none.win32_1.17.0.201812190825/tools/compiler/bin/../lib/gcc/arm-none-eabi/7.3.1/../../../../arm-none-eabi/lib/thumb/v6-m\libc.a(lib_a-mlock.o)
                0x08007fe8                __malloc_unlock
 .text._Balloc  0x08007ff8       0x50 c:/ac6/systemworkbench/plugins/fr.ac6.mcu.externaltools.arm-none.win32_1.17.0.201812190825/tools/compiler/bin/../lib/gcc/arm-none-eabi/7.3.1/../../../../arm-none-eabi/lib/thumb/v6-m\libc.a(lib_a-mprec.o)
                0x08007ff8                _Balloc
 .text._Bfree   0x08008048       0x14 c:/ac6/systemworkbench/plugins/fr.ac6.mcu.externaltools.arm-none.win32_1.17.0.201812190825/tools/compiler/bin/../lib/gcc/arm-none-eabi/7.3.1/../../../../arm-none-eabi/lib/thumb/v6-m\libc.a(lib_a-mprec.o)
                0x08008048                _Bfree
 .text.__multadd
                0x0800805c       0x8c c:/ac6/systemworkbench/plugins/fr.ac6.mcu.externaltools.arm-none.win32_1.17.0.201812190825/tools/compiler/bin/../lib/gcc/arm-none-eabi/7.3.1/../../../../arm-none-eabi/lib/thumb/v6-m\libc.a(lib_a-mprec.o)
                0x0800805c                __multadd
 .text.__hi0bits
                0x080080e8       0x38 c:/ac6/systemworkbench/plugins/fr.ac6.mcu.externaltools.arm-none.win32_1.17.0.201812190825/tools/compiler/bin/../lib/gcc/arm-none-eabi/7.3.1/../../../../arm-none-eabi/lib/thumb/v6-m\libc.a(lib_a-mprec.o)
                0x080080e8                __hi0bits
 .text.__lo0bits
                0x08008120       0x5c c:/ac6/systemworkbench/plugins/fr.ac6.mcu.externaltools.arm-none.win32_1.17.0.201812190825/tools/compiler/bin/../lib/gcc/arm-none-eabi/7.3.1/../../../../arm-none-eabi/lib/thumb/v6-m\libc.a(lib_a-mprec.o)
                0x08008120                __lo0bits
 .text.__i2b    0x0800817c       0x14 c:/ac6/systemworkbench/plugins/fr.ac6.mcu.externaltools.arm-none.win32_1.17.0.201812190825/tools/compiler/bin/../lib/gcc/arm-none-eabi/7.3.1/../../../../arm-none-eabi/lib/thumb/v6-m\libc.a(lib_a-mprec.o)
                0x0800817c                __i2b
 .text.__multiply
                0x08008190      0x178 c:/ac6/systemworkbench/plugins/fr.ac6.mcu.externaltools.arm-none.win32_1.17.0.201812190825/tools/compiler/bin/../lib/gcc/arm-none-eabi/7.3.1/../../../../arm-none-eabi/lib/thumb/v6-m\libc.a(lib_a-mprec.o)
                0x08008190                __multiply
 .text.__pow5mult
                0x08008308       0xc0 c:/ac6/systemworkbench/plugins/fr.ac6.mcu.externaltools.arm-none.win32_1.17.0.201812190825/tools/compiler/bin/../lib/gcc/arm-none-eabi/7.3.1/../../../../arm-none-eabi/lib/thumb/v6-m\libc.a(lib_a-mprec.o)
                0x08008308                __pow5mult
 .text.__lshift
                0x080083c8       0xc8 c:/ac6/systemworkbench/plugins/fr.ac6.mcu.externaltools.arm-none.win32_1.17.0.201812190825/tools/compiler/bin/../lib/gcc/arm-none-eabi/7.3.1/../../../../arm-none-eabi/lib/thumb/v6-m\libc.a(lib_a-mprec.o)
                0x080083c8                __lshift
 .text.__mcmp   0x08008490       0x34 c:/ac6/systemworkbench/plugins/fr.ac6.mcu.externaltools.arm-none.win32_1.17.0.201812190825/tools/compiler/bin/../lib/gcc/arm-none-eabi/7.3.1/../../../../arm-none-eabi/lib/thumb/v6-m\libc.a(lib_a-mprec.o)
                0x08008490                __mcmp
 .text.__mdiff  0x080084c4      0x124 c:/ac6/systemworkbench/plugins/fr.ac6.mcu.externaltools.arm-none.win32_1.17.0.201812190825/tools/compiler/bin/../lib/gcc/arm-none-eabi/7.3.1/../../../../arm-none-eabi/lib/thumb/v6-m\libc.a(lib_a-mprec.o)
                0x080084c4                __mdiff
 .text.__d2b    0x080085e8       0xbc c:/ac6/systemworkbench/plugins/fr.ac6.mcu.externaltools.arm-none.win32_1.17.0.201812190825/tools/compiler/bin/../lib/gcc/arm-none-eabi/7.3.1/../../../../arm-none-eabi/lib/thumb/v6-m\libc.a(lib_a-mprec.o)
                0x080085e8                __d2b
 .text._realloc_r
                0x080086a4      0x3b0 c:/ac6/systemworkbench/plugins/fr.ac6.mcu.externaltools.arm-none.win32_1.17.0.201812190825/tools/compiler/bin/../lib/gcc/arm-none-eabi/7.3.1/../../../../arm-none-eabi/lib/thumb/v6-m\libc.a(lib_a-reallocr.o)
                0x080086a4                _realloc_r
 .text.frexp    0x08008a54       0x64 c:/ac6/systemworkbench/plugins/fr.ac6.mcu.externaltools.arm-none.win32_1.17.0.201812190825/tools/compiler/bin/../lib/gcc/arm-none-eabi/7.3.1/../../../../arm-none-eabi/lib/thumb/v6-m\libc.a(lib_a-s_frexp.o)
                0x08008a54                frexp
 .text._sbrk_r  0x08008ab8       0x24 c:/ac6/systemworkbench/plugins/fr.ac6.mcu.externaltools.arm-none.win32_1.17.0.201812190825/tools/compiler/bin/../lib/gcc/arm-none-eabi/7.3.1/../../../../arm-none-eabi/lib/thumb/v6-m\libc.a(lib_a-sbrkr.o)
                0x08008ab8                _sbrk_r
 .text.__sread  0x08008adc       0x28 c:/ac6/systemworkbench/plugins/fr.ac6.mcu.externaltools.arm-none.win32_1.17.0.201812190825/tools/compiler/bin/../lib/gcc/arm-none-eabi/7.3.1/../../../../arm-none-eabi/lib/thumb/v6-m\libc.a(lib_a-stdio.o)
                0x08008adc                __sread
 .text.__swrite
                0x08008b04       0x3c c:/ac6/systemworkbench/plugins/fr.ac6.mcu.externaltools.arm-none.win32_1.17.0.201812190825/tools/compiler/bin/../lib/gcc/arm-none-eabi/7.3.1/../../../../arm-none-eabi/lib/thumb/v6-m\libc.a(lib_a-stdio.o)
                0x08008b04                __swrite
 .text.__sseek  0x08008b40       0x2c c:/ac6/systemworkbench/plugins/fr.ac6.mcu.externaltools.arm-none.win32_1.17.0.201812190825/tools/compiler/bin/../lib/gcc/arm-none-eabi/7.3.1/../../../../arm-none-eabi/lib/thumb/v6-m\libc.a(lib_a-stdio.o)
                0x08008b40                __sseek
 .text.__sclose
                0x08008b6c        0xc c:/ac6/systemworkbench/plugins/fr.ac6.mcu.externaltools.arm-none.win32_1.17.0.201812190825/tools/compiler/bin/../lib/gcc/arm-none-eabi/7.3.1/../../../../arm-none-eabi/lib/thumb/v6-m\libc.a(lib_a-stdio.o)
                0x08008b6c                __sclose
 .text.strncpy  0x08008b78       0x8c c:/ac6/systemworkbench/plugins/fr.ac6.mcu.externaltools.arm-none.win32_1.17.0.201812190825/tools/compiler/bin/../lib/gcc/arm-none-eabi/7.3.1/../../../../arm-none-eabi/lib/thumb/v6-m\libc.a(lib_a-strncpy.o)
                0x08008b78                strncpy
 .text.__sprint_r.part.0
                0x08008c04       0x80 c:/ac6/systemworkbench/plugins/fr.ac6.mcu.externaltools.arm-none.win32_1.17.0.201812190825/tools/compiler/bin/../lib/gcc/arm-none-eabi/7.3.1/../../../../arm-none-eabi/lib/thumb/v6-m\libc.a(lib_a-vfiprintf.o)
 .text.__sprint_r
                0x08008c84       0x14 c:/ac6/systemworkbench/plugins/fr.ac6.mcu.externaltools.arm-none.win32_1.17.0.201812190825/tools/compiler/bin/../lib/gcc/arm-none-eabi/7.3.1/../../../../arm-none-eabi/lib/thumb/v6-m\libc.a(lib_a-vfiprintf.o)
                0x08008c84                __sprint_r
 .text._write_r
                0x08008c98       0x28 c:/ac6/systemworkbench/plugins/fr.ac6.mcu.externaltools.arm-none.win32_1.17.0.201812190825/tools/compiler/bin/../lib/gcc/arm-none-eabi/7.3.1/../../../../arm-none-eabi/lib/thumb/v6-m\libc.a(lib_a-writer.o)
                0x08008c98                _write_r
 .text.__register_exitproc
                0x08008cc0       0xf4 c:/ac6/systemworkbench/plugins/fr.ac6.mcu.externaltools.arm-none.win32_1.17.0.201812190825/tools/compiler/bin/../lib/gcc/arm-none-eabi/7.3.1/../../../../arm-none-eabi/lib/thumb/v6-m\libc.a(lib_a-__atexit.o)
                0x08008cc0                __register_exitproc
 .text._calloc_r
                0x08008db4       0x58 c:/ac6/systemworkbench/plugins/fr.ac6.mcu.externaltools.arm-none.win32_1.17.0.201812190825/tools/compiler/bin/../lib/gcc/arm-none-eabi/7.3.1/../../../../arm-none-eabi/lib/thumb/v6-m\libc.a(lib_a-callocr.o)
                0x08008db4                _calloc_r
 .text._close_r
                0x08008e0c       0x24 c:/ac6/systemworkbench/plugins/fr.ac6.mcu.externaltools.arm-none.win32_1.17.0.201812190825/tools/compiler/bin/../lib/gcc/arm-none-eabi/7.3.1/../../../../arm-none-eabi/lib/thumb/v6-m\libc.a(lib_a-closer.o)
                0x08008e0c                _close_r
 .text._fclose_r
                0x08008e30       0xd8 c:/ac6/systemworkbench/plugins/fr.ac6.mcu.externaltools.arm-none.win32_1.17.0.201812190825/tools/compiler/bin/../lib/gcc/arm-none-eabi/7.3.1/../../../../arm-none-eabi/lib/thumb/v6-m\libc.a(lib_a-fclose.o)
                0x08008e30                _fclose_r
 .text.__fputwc
                0x08008f08       0x94 c:/ac6/systemworkbench/plugins/fr.ac6.mcu.externaltools.arm-none.win32_1.17.0.201812190825/tools/compiler/bin/../lib/gcc/arm-none-eabi/7.3.1/../../../../arm-none-eabi/lib/thumb/v6-m\libc.a(lib_a-fputwc.o)
                0x08008f08                __fputwc
 .text._fputwc_r
                0x08008f9c       0x5c c:/ac6/systemworkbench/plugins/fr.ac6.mcu.externaltools.arm-none.win32_1.17.0.201812190825/tools/compiler/bin/../lib/gcc/arm-none-eabi/7.3.1/../../../../arm-none-eabi/lib/thumb/v6-m\libc.a(lib_a-fputwc.o)
                0x08008f9c                _fputwc_r
 .text._fstat_r
                0x08008ff8       0x28 c:/ac6/systemworkbench/plugins/fr.ac6.mcu.externaltools.arm-none.win32_1.17.0.201812190825/tools/compiler/bin/../lib/gcc/arm-none-eabi/7.3.1/../../../../arm-none-eabi/lib/thumb/v6-m\libc.a(lib_a-fstatr.o)
                0x08008ff8                _fstat_r
 .text._isatty_r
                0x08009020       0x24 c:/ac6/systemworkbench/plugins/fr.ac6.mcu.externaltools.arm-none.win32_1.17.0.201812190825/tools/compiler/bin/../lib/gcc/arm-none-eabi/7.3.1/../../../../arm-none-eabi/lib/thumb/v6-m\libc.a(lib_a-isattyr.o)
                0x08009020                _isatty_r
 .text.__locale_mb_cur_max
                0x08009044       0x1c c:/ac6/systemworkbench/plugins/fr.ac6.mcu.externaltools.arm-none.win32_1.17.0.201812190825/tools/compiler/bin/../lib/gcc/arm-none-eabi/7.3.1/../../../../arm-none-eabi/lib/thumb/v6-m\libc.a(lib_a-locale.o)
                0x08009044                __locale_mb_cur_max
 .text._lseek_r
                0x08009060       0x28 c:/ac6/systemworkbench/plugins/fr.ac6.mcu.externaltools.arm-none.win32_1.17.0.201812190825/tools/compiler/bin/../lib/gcc/arm-none-eabi/7.3.1/../../../../arm-none-eabi/lib/thumb/v6-m\libc.a(lib_a-lseekr.o)
                0x08009060                _lseek_r
 .text.__ascii_mbtowc
                0x08009088       0x2c c:/ac6/systemworkbench/plugins/fr.ac6.mcu.externaltools.arm-none.win32_1.17.0.201812190825/tools/compiler/bin/../lib/gcc/arm-none-eabi/7.3.1/../../../../arm-none-eabi/lib/thumb/v6-m\libc.a(lib_a-mbtowc_r.o)
                0x08009088                __ascii_mbtowc
 .text._read_r  0x080090b4       0x28 c:/ac6/systemworkbench/plugins/fr.ac6.mcu.externaltools.arm-none.win32_1.17.0.201812190825/tools/compiler/bin/../lib/gcc/arm-none-eabi/7.3.1/../../../../arm-none-eabi/lib/thumb/v6-m\libc.a(lib_a-readr.o)
                0x080090b4                _read_r
 .text.__swbuf_r
                0x080090dc       0xc8 c:/ac6/systemworkbench/plugins/fr.ac6.mcu.externaltools.arm-none.win32_1.17.0.201812190825/tools/compiler/bin/../lib/gcc/arm-none-eabi/7.3.1/../../../../arm-none-eabi/lib/thumb/v6-m\libc.a(lib_a-wbuf.o)
                0x080090dc                __swbuf_r
 .text._wcrtomb_r
                0x080091a4       0x58 c:/ac6/systemworkbench/plugins/fr.ac6.mcu.externaltools.arm-none.win32_1.17.0.201812190825/tools/compiler/bin/../lib/gcc/arm-none-eabi/7.3.1/../../../../arm-none-eabi/lib/thumb/v6-m\libc.a(lib_a-wcrtomb.o)
                0x080091a4                _wcrtomb_r
 .text.__ascii_wctomb
                0x080091fc       0x1c c:/ac6/systemworkbench/plugins/fr.ac6.mcu.externaltools.arm-none.win32_1.17.0.201812190825/tools/compiler/bin/../lib/gcc/arm-none-eabi/7.3.1/../../../../arm-none-eabi/lib/thumb/v6-m\libc.a(lib_a-wctomb_r.o)
                0x080091fc                __ascii_wctomb
 *(.glue_7)
 .glue_7        0x08009218        0x0 linker stubs
 *(.glue_7t)
 .glue_7t       0x08009218        0x0 linker stubs
 *(.eh_frame)
 .eh_frame      0x08009218        0x0 c:/ac6/systemworkbench/plugins/fr.ac6.mcu.externaltools.arm-none.win32_1.17.0.201812190825/tools/compiler/bin/../lib/gcc/arm-none-eabi/7.3.1/thumb/v6-m/crtbegin.o
 *(.init)
 .init          0x08009218        0x4 c:/ac6/systemworkbench/plugins/fr.ac6.mcu.externaltools.arm-none.win32_1.17.0.201812190825/tools/compiler/bin/../lib/gcc/arm-none-eabi/7.3.1/thumb/v6-m/crti.o
                0x08009218                _init
 .init          0x0800921c        0x8 c:/ac6/systemworkbench/plugins/fr.ac6.mcu.externaltools.arm-none.win32_1.17.0.201812190825/tools/compiler/bin/../lib/gcc/arm-none-eabi/7.3.1/thumb/v6-m/crtn.o
 *(.fini)
 .fini          0x08009224        0x4 c:/ac6/systemworkbench/plugins/fr.ac6.mcu.externaltools.arm-none.win32_1.17.0.201812190825/tools/compiler/bin/../lib/gcc/arm-none-eabi/7.3.1/thumb/v6-m/crti.o
                0x08009224                _fini
 .fini          0x08009228        0x8 c:/ac6/systemworkbench/plugins/fr.ac6.mcu.externaltools.arm-none.win32_1.17.0.201812190825/tools/compiler/bin/../lib/gcc/arm-none-eabi/7.3.1/thumb/v6-m/crtn.o
                0x08009230                . = ALIGN (0x4)
                0x08009230                _etext = .

.vfp11_veneer   0x08009230        0x0
 .vfp11_veneer  0x08009230        0x0 linker stubs

.v4_bx          0x08009230        0x0
 .v4_bx         0x08009230        0x0 linker stubs

.iplt           0x08009230        0x0
 .iplt          0x08009230        0x0 c:/ac6/systemworkbench/plugins/fr.ac6.mcu.externaltools.arm-none.win32_1.17.0.201812190825/tools/compiler/bin/../lib/gcc/arm-none-eabi/7.3.1/thumb/v6-m/crtbegin.o

.rodata         0x08009230     0x1130
                0x08009230                . = ALIGN (0x4)
 *(.rodata)
 .rodata        0x08009230      0xba2 src/lcd.o
                0x08009230                asc2_1206
                0x080096a4                asc2_1608
                0x08009c94                lrgfnt1
                0x08009d70                smlfnt1
 *fill*         0x08009dd2        0x2 
 .rodata        0x08009dd4       0xfa src/main.o
 *fill*         0x08009ece        0x2 
 .rodata        0x08009ed0       0x13 src/tty.o
 *fill*         0x08009ee3        0x1 
 .rodata        0x08009ee4       0x40 c:/ac6/systemworkbench/plugins/fr.ac6.mcu.externaltools.arm-none.win32_1.17.0.201812190825/tools/compiler/bin/../lib/gcc/arm-none-eabi/7.3.1/thumb/v6-m\libgcc.a(divdf3.o)
 .rodata        0x08009f24       0x40 c:/ac6/systemworkbench/plugins/fr.ac6.mcu.externaltools.arm-none.win32_1.17.0.201812190825/tools/compiler/bin/../lib/gcc/arm-none-eabi/7.3.1/thumb/v6-m\libgcc.a(muldf3.o)
 *(.rodata*)
 .rodata._global_impure_ptr
                0x08009f64        0x4 c:/ac6/systemworkbench/plugins/fr.ac6.mcu.externaltools.arm-none.win32_1.17.0.201812190825/tools/compiler/bin/../lib/gcc/arm-none-eabi/7.3.1/../../../../arm-none-eabi/lib/thumb/v6-m\libc.a(lib_a-impure.o)
                0x08009f64                _global_impure_ptr
 .rodata._puts_r.str1.4
                0x08009f68        0x2 c:/ac6/systemworkbench/plugins/fr.ac6.mcu.externaltools.arm-none.win32_1.17.0.201812190825/tools/compiler/bin/../lib/gcc/arm-none-eabi/7.3.1/../../../../arm-none-eabi/lib/thumb/v6-m\libc.a(lib_a-puts.o)
 *fill*         0x08009f6a        0x2 
 .rodata._vfprintf_r
                0x08009f6c      0x16c c:/ac6/systemworkbench/plugins/fr.ac6.mcu.externaltools.arm-none.win32_1.17.0.201812190825/tools/compiler/bin/../lib/gcc/arm-none-eabi/7.3.1/../../../../arm-none-eabi/lib/thumb/v6-m\libc.a(lib_a-vfprintf.o)
 .rodata._vfprintf_r.str1.4
                0x0800a0d8       0x42 c:/ac6/systemworkbench/plugins/fr.ac6.mcu.externaltools.arm-none.win32_1.17.0.201812190825/tools/compiler/bin/../lib/gcc/arm-none-eabi/7.3.1/../../../../arm-none-eabi/lib/thumb/v6-m\libc.a(lib_a-vfprintf.o)
 *fill*         0x0800a11a        0x2 
 .rodata.blanks.7330
                0x0800a11c       0x10 c:/ac6/systemworkbench/plugins/fr.ac6.mcu.externaltools.arm-none.win32_1.17.0.201812190825/tools/compiler/bin/../lib/gcc/arm-none-eabi/7.3.1/../../../../arm-none-eabi/lib/thumb/v6-m\libc.a(lib_a-vfprintf.o)
 .rodata.zeroes.7331
                0x0800a12c       0x10 c:/ac6/systemworkbench/plugins/fr.ac6.mcu.externaltools.arm-none.win32_1.17.0.201812190825/tools/compiler/bin/../lib/gcc/arm-none-eabi/7.3.1/../../../../arm-none-eabi/lib/thumb/v6-m\libc.a(lib_a-vfprintf.o)
 .rodata._dtoa_r.str1.4
                0x0800a13c       0x10 c:/ac6/systemworkbench/plugins/fr.ac6.mcu.externaltools.arm-none.win32_1.17.0.201812190825/tools/compiler/bin/../lib/gcc/arm-none-eabi/7.3.1/../../../../arm-none-eabi/lib/thumb/v6-m\libc.a(lib_a-dtoa.o)
                                 0x12 (size before relaxing)
 *fill*         0x0800a14c        0x4 
 .rodata.__mprec_bigtens
                0x0800a150       0x28 c:/ac6/systemworkbench/plugins/fr.ac6.mcu.externaltools.arm-none.win32_1.17.0.201812190825/tools/compiler/bin/../lib/gcc/arm-none-eabi/7.3.1/../../../../arm-none-eabi/lib/thumb/v6-m\libc.a(lib_a-mprec.o)
                0x0800a150                __mprec_bigtens
 .rodata.__mprec_tens
                0x0800a178       0xc8 c:/ac6/systemworkbench/plugins/fr.ac6.mcu.externaltools.arm-none.win32_1.17.0.201812190825/tools/compiler/bin/../lib/gcc/arm-none-eabi/7.3.1/../../../../arm-none-eabi/lib/thumb/v6-m\libc.a(lib_a-mprec.o)
                0x0800a178                __mprec_tens
 .rodata.p05.6092
                0x0800a240        0xc c:/ac6/systemworkbench/plugins/fr.ac6.mcu.externaltools.arm-none.win32_1.17.0.201812190825/tools/compiler/bin/../lib/gcc/arm-none-eabi/7.3.1/../../../../arm-none-eabi/lib/thumb/v6-m\libc.a(lib_a-mprec.o)
 .rodata._setlocale_r.str1.4
                0x0800a24c        0xa c:/ac6/systemworkbench/plugins/fr.ac6.mcu.externaltools.arm-none.win32_1.17.0.201812190825/tools/compiler/bin/../lib/gcc/arm-none-eabi/7.3.1/../../../../arm-none-eabi/lib/thumb/v6-m\libc.a(lib_a-locale.o)
                                  0xd (size before relaxing)
 *fill*         0x0800a256        0x2 
 .rodata.str1.4
                0x0800a258        0x4 c:/ac6/systemworkbench/plugins/fr.ac6.mcu.externaltools.arm-none.win32_1.17.0.201812190825/tools/compiler/bin/../lib/gcc/arm-none-eabi/7.3.1/../../../../arm-none-eabi/lib/thumb/v6-m\libc.a(lib_a-locale.o)
                                  0x2 (size before relaxing)
 .rodata._ctype_
                0x0800a25c      0x101 c:/ac6/systemworkbench/plugins/fr.ac6.mcu.externaltools.arm-none.win32_1.17.0.201812190825/tools/compiler/bin/../lib/gcc/arm-none-eabi/7.3.1/../../../../arm-none-eabi/lib/thumb/v6-m\libc.a(lib_a-ctype_.o)
                0x0800a25c                _ctype_
                0x0800a360                . = ALIGN (0x4)
 *fill*         0x0800a35d        0x3 

.ARM.extab      0x0800a360        0x0
                0x0800a360                . = ALIGN (0x4)
 *(.ARM.extab* .gnu.linkonce.armextab.*)
                0x0800a360                . = ALIGN (0x4)

.ARM            0x0800a360        0x8
                0x0800a360                . = ALIGN (0x4)
                0x0800a360                __exidx_start = .
 *(.ARM.exidx*)
 .ARM.exidx     0x0800a360        0x8 c:/ac6/systemworkbench/plugins/fr.ac6.mcu.externaltools.arm-none.win32_1.17.0.201812190825/tools/compiler/bin/../lib/gcc/arm-none-eabi/7.3.1/thumb/v6-m\libgcc.a(_udivmoddi4.o)
                0x0800a368                __exidx_end = .
                0x0800a368                . = ALIGN (0x4)

.rel.dyn        0x0800a368        0x0
 .rel.iplt      0x0800a368        0x0 c:/ac6/systemworkbench/plugins/fr.ac6.mcu.externaltools.arm-none.win32_1.17.0.201812190825/tools/compiler/bin/../lib/gcc/arm-none-eabi/7.3.1/thumb/v6-m/crtbegin.o

.preinit_array  0x0800a368        0x0
                0x0800a368                . = ALIGN (0x4)
                0x0800a368                PROVIDE (__preinit_array_start = .)
 *(.preinit_array*)
                0x0800a368                PROVIDE (__preinit_array_end = .)
                0x0800a368                . = ALIGN (0x4)

.init_array     0x0800a368        0x8
                0x0800a368                . = ALIGN (0x4)
                0x0800a368                PROVIDE (__init_array_start = .)
 *(SORT_BY_NAME(.init_array.*))
 .init_array.00000
                0x0800a368        0x4 c:/ac6/systemworkbench/plugins/fr.ac6.mcu.externaltools.arm-none.win32_1.17.0.201812190825/tools/compiler/bin/../lib/gcc/arm-none-eabi/7.3.1/../../../../arm-none-eabi/lib/thumb/v6-m\libc.a(lib_a-__call_atexit.o)
 *(.init_array*)
 .init_array    0x0800a36c        0x4 c:/ac6/systemworkbench/plugins/fr.ac6.mcu.externaltools.arm-none.win32_1.17.0.201812190825/tools/compiler/bin/../lib/gcc/arm-none-eabi/7.3.1/thumb/v6-m/crtbegin.o
                0x0800a370                PROVIDE (__init_array_end = .)
                0x0800a370                . = ALIGN (0x4)

.fini_array     0x0800a370        0x4
                0x0800a370                . = ALIGN (0x4)
                0x0800a370                PROVIDE (__fini_array_start = .)
 *(SORT_BY_NAME(.fini_array.*))
 *(.fini_array*)
 .fini_array    0x0800a370        0x4 c:/ac6/systemworkbench/plugins/fr.ac6.mcu.externaltools.arm-none.win32_1.17.0.201812190825/tools/compiler/bin/../lib/gcc/arm-none-eabi/7.3.1/thumb/v6-m/crtbegin.o
                0x0800a374                PROVIDE (__fini_array_end = .)
                0x0800a374                . = ALIGN (0x4)
                0x0800a374                _sidata = LOADADDR (.data)

.data           0x20000000      0x9b8 load address 0x0800a374
                0x20000000                . = ALIGN (0x4)
                0x20000000                _sdata = .
 *(.data)
 .data          0x20000000        0x1 src/main.o
                0x20000000                SIGN
 *fill*         0x20000001        0x3 
 .data          0x20000004        0x8 src/tty.o
                0x20000004                echo_mode
                0x20000008                line_mode
 *(.data*)
 .data._impure_ptr
                0x2000000c        0x4 c:/ac6/systemworkbench/plugins/fr.ac6.mcu.externaltools.arm-none.win32_1.17.0.201812190825/tools/compiler/bin/../lib/gcc/arm-none-eabi/7.3.1/../../../../arm-none-eabi/lib/thumb/v6-m\libc.a(lib_a-impure.o)
                0x2000000c                _impure_ptr
 .data.impure_data
                0x20000010      0x428 c:/ac6/systemworkbench/plugins/fr.ac6.mcu.externaltools.arm-none.win32_1.17.0.201812190825/tools/compiler/bin/../lib/gcc/arm-none-eabi/7.3.1/../../../../arm-none-eabi/lib/thumb/v6-m\libc.a(lib_a-impure.o)
 .data.__atexit_recursive_mutex
                0x20000438        0x4 c:/ac6/systemworkbench/plugins/fr.ac6.mcu.externaltools.arm-none.win32_1.17.0.201812190825/tools/compiler/bin/../lib/gcc/arm-none-eabi/7.3.1/../../../../arm-none-eabi/lib/thumb/v6-m\libc.a(lib_a-__call_atexit.o)
                0x20000438                __atexit_recursive_mutex
 .data.__malloc_av_
                0x2000043c      0x408 c:/ac6/systemworkbench/plugins/fr.ac6.mcu.externaltools.arm-none.win32_1.17.0.201812190825/tools/compiler/bin/../lib/gcc/arm-none-eabi/7.3.1/../../../../arm-none-eabi/lib/thumb/v6-m\libc.a(lib_a-mallocr.o)
                0x2000043c                __malloc_av_
 .data.__malloc_sbrk_base
                0x20000844        0x4 c:/ac6/systemworkbench/plugins/fr.ac6.mcu.externaltools.arm-none.win32_1.17.0.201812190825/tools/compiler/bin/../lib/gcc/arm-none-eabi/7.3.1/../../../../arm-none-eabi/lib/thumb/v6-m\libc.a(lib_a-mallocr.o)
                0x20000844                __malloc_sbrk_base
 .data.__malloc_trim_threshold
                0x20000848        0x4 c:/ac6/systemworkbench/plugins/fr.ac6.mcu.externaltools.arm-none.win32_1.17.0.201812190825/tools/compiler/bin/../lib/gcc/arm-none-eabi/7.3.1/../../../../arm-none-eabi/lib/thumb/v6-m\libc.a(lib_a-mallocr.o)
                0x20000848                __malloc_trim_threshold
 .data.__global_locale
                0x2000084c      0x16c c:/ac6/systemworkbench/plugins/fr.ac6.mcu.externaltools.arm-none.win32_1.17.0.201812190825/tools/compiler/bin/../lib/gcc/arm-none-eabi/7.3.1/../../../../arm-none-eabi/lib/thumb/v6-m\libc.a(lib_a-locale.o)
                0x2000084c                __global_locale
                0x200009b8                . = ALIGN (0x4)
                0x200009b8                _edata = .

.igot.plt       0x200009b8        0x0 load address 0x0800ad2c
 .igot.plt      0x200009b8        0x0 c:/ac6/systemworkbench/plugins/fr.ac6.mcu.externaltools.arm-none.win32_1.17.0.201812190825/tools/compiler/bin/../lib/gcc/arm-none-eabi/7.3.1/thumb/v6-m/crtbegin.o
                0x200009b8                . = ALIGN (0x4)

.bss            0x200009b8      0x134 load address 0x0800ad2c
                0x200009b8                _sbss = .
                0x200009b8                __bss_start__ = _sbss
 *(.bss)
 .bss           0x200009b8       0x1c c:/ac6/systemworkbench/plugins/fr.ac6.mcu.externaltools.arm-none.win32_1.17.0.201812190825/tools/compiler/bin/../lib/gcc/arm-none-eabi/7.3.1/thumb/v6-m/crtbegin.o
 .bss           0x200009d4        0xc src/main.o
                0x200009d4                mod
                0x200009d8                sub_mod
                0x200009dc                c_count
                0x200009dd                A
                0x200009de                D
                0x200009df                PKG
 .bss           0x200009e0        0x8 src/syscalls.o
                0x200009e0                __env
 *(.bss*)
 .bss.__malloc_current_mallinfo
                0x200009e8       0x28 c:/ac6/systemworkbench/plugins/fr.ac6.mcu.externaltools.arm-none.win32_1.17.0.201812190825/tools/compiler/bin/../lib/gcc/arm-none-eabi/7.3.1/../../../../arm-none-eabi/lib/thumb/v6-m\libc.a(lib_a-mallocr.o)
                0x200009e8                __malloc_current_mallinfo
 .bss.__malloc_max_sbrked_mem
                0x20000a10        0x4 c:/ac6/systemworkbench/plugins/fr.ac6.mcu.externaltools.arm-none.win32_1.17.0.201812190825/tools/compiler/bin/../lib/gcc/arm-none-eabi/7.3.1/../../../../arm-none-eabi/lib/thumb/v6-m\libc.a(lib_a-mallocr.o)
                0x20000a10                __malloc_max_sbrked_mem
 .bss.__malloc_max_total_mem
                0x20000a14        0x4 c:/ac6/systemworkbench/plugins/fr.ac6.mcu.externaltools.arm-none.win32_1.17.0.201812190825/tools/compiler/bin/../lib/gcc/arm-none-eabi/7.3.1/../../../../arm-none-eabi/lib/thumb/v6-m\libc.a(lib_a-mallocr.o)
                0x20000a14                __malloc_max_total_mem
 .bss.__malloc_top_pad
                0x20000a18        0x4 c:/ac6/systemworkbench/plugins/fr.ac6.mcu.externaltools.arm-none.win32_1.17.0.201812190825/tools/compiler/bin/../lib/gcc/arm-none-eabi/7.3.1/../../../../arm-none-eabi/lib/thumb/v6-m\libc.a(lib_a-mallocr.o)
                0x20000a18                __malloc_top_pad
 *(COMMON)
 COMMON         0x20000a1c        0xe src/lcd.o
                0x20000a1c                lcddev
 *fill*         0x20000a2a        0x2 
 COMMON         0x20000a2c       0x11 src/main.o
                0x20000a2c                history
                0x20000a3c                offset
 *fill*         0x20000a3d        0x3 
 COMMON         0x20000a40       0x83 src/tty.o
                0x20000a40                input_fifo
 *fill*         0x20000ac3        0x1 
 COMMON         0x20000ac4       0x21 c:/ac6/systemworkbench/plugins/fr.ac6.mcu.externaltools.arm-none.win32_1.17.0.201812190825/tools/compiler/bin/../lib/gcc/arm-none-eabi/7.3.1/../../../../arm-none-eabi/lib/thumb/v6-m\libc.a(lib_a-lock.o)
                0x20000ac4                __lock___atexit_recursive_mutex
                0x20000ac8                __lock___arc4random_mutex
                0x20000acc                __lock___env_recursive_mutex
                0x20000ad0                __lock___sinit_recursive_mutex
                0x20000ad4                __lock___malloc_recursive_mutex
                0x20000ad8                __lock___at_quick_exit_mutex
                0x20000adc                __lock___dd_hash_mutex
                0x20000ae0                __lock___tz_mutex
                0x20000ae4                __lock___sfp_recursive_mutex
 *fill*         0x20000ae5        0x3 
 COMMON         0x20000ae8        0x4 c:/ac6/systemworkbench/plugins/fr.ac6.mcu.externaltools.arm-none.win32_1.17.0.201812190825/tools/compiler/bin/../lib/gcc/arm-none-eabi/7.3.1/../../../../arm-none-eabi/lib/thumb/v6-m\libc.a(lib_a-reent.o)
                0x20000ae8                errno
                0x20000aec                . = ALIGN (0x4)
                0x20000aec                _ebss = .
                0x20000aec                __bss_end__ = _ebss

._user_heap_stack
                0x20000aec      0x404 load address 0x0800ad2c
                0x20000af0                . = ALIGN (0x8)
 *fill*         0x20000aec        0x4 
                0x20000af0                PROVIDE (end = .)
                [!provide]                PROVIDE (_end = .)
                0x20000af0                . = (. + _Min_Heap_Size)
                0x20000ef0                . = (. + _Min_Stack_Size)
 *fill*         0x20000af0      0x400 
                0x20000ef0                . = ALIGN (0x8)

/DISCARD/
 libc.a(*)
 libm.a(*)
 libgcc.a(*)

.ARM.attributes
                0x00000000       0x28
 *(.ARM.attributes)
 .ARM.attributes
                0x00000000       0x1e c:/ac6/systemworkbench/plugins/fr.ac6.mcu.externaltools.arm-none.win32_1.17.0.201812190825/tools/compiler/bin/../lib/gcc/arm-none-eabi/7.3.1/thumb/v6-m/crti.o
 .ARM.attributes
                0x0000001e       0x2c c:/ac6/systemworkbench/plugins/fr.ac6.mcu.externaltools.arm-none.win32_1.17.0.201812190825/tools/compiler/bin/../lib/gcc/arm-none-eabi/7.3.1/thumb/v6-m/crtbegin.o
 .ARM.attributes
                0x0000004a       0x31 src/fifo.o
 .ARM.attributes
                0x0000007b       0x31 src/lcd.o
 .ARM.attributes
                0x000000ac       0x31 src/main.o
 .ARM.attributes
                0x000000dd       0x31 src/syscalls.o
 .ARM.attributes
                0x0000010e       0x31 src/system_stm32f0xx.o
 .ARM.attributes
                0x0000013f       0x31 src/tty.o
 .ARM.attributes
                0x00000170       0x31 src/ui.o
 .ARM.attributes
                0x000001a1       0x21 startup/startup_stm32.o
 .ARM.attributes
                0x000001c2       0x1e c:/ac6/systemworkbench/plugins/fr.ac6.mcu.externaltools.arm-none.win32_1.17.0.201812190825/tools/compiler/bin/../lib/gcc/arm-none-eabi/7.3.1/thumb/v6-m\libgcc.a(_udivsi3.o)
 .ARM.attributes
                0x000001e0       0x1e c:/ac6/systemworkbench/plugins/fr.ac6.mcu.externaltools.arm-none.win32_1.17.0.201812190825/tools/compiler/bin/../lib/gcc/arm-none-eabi/7.3.1/thumb/v6-m\libgcc.a(_divsi3.o)
 .ARM.attributes
                0x000001fe       0x1e c:/ac6/systemworkbench/plugins/fr.ac6.mcu.externaltools.arm-none.win32_1.17.0.201812190825/tools/compiler/bin/../lib/gcc/arm-none-eabi/7.3.1/thumb/v6-m\libgcc.a(_dvmd_tls.o)
 .ARM.attributes
                0x0000021c       0x2c c:/ac6/systemworkbench/plugins/fr.ac6.mcu.externaltools.arm-none.win32_1.17.0.201812190825/tools/compiler/bin/../lib/gcc/arm-none-eabi/7.3.1/../../../../arm-none-eabi/lib/thumb/v6-m\libc.a(lib_a-errno.o)
 .ARM.attributes
                0x00000248       0x2c c:/ac6/systemworkbench/plugins/fr.ac6.mcu.externaltools.arm-none.win32_1.17.0.201812190825/tools/compiler/bin/../lib/gcc/arm-none-eabi/7.3.1/../../../../arm-none-eabi/lib/thumb/v6-m\libc.a(lib_a-impure.o)
 .ARM.attributes
                0x00000274       0x2c c:/ac6/systemworkbench/plugins/fr.ac6.mcu.externaltools.arm-none.win32_1.17.0.201812190825/tools/compiler/bin/../lib/gcc/arm-none-eabi/7.3.1/../../../../arm-none-eabi/lib/thumb/v6-m\libc.a(lib_a-init.o)
 .ARM.attributes
                0x000002a0       0x2c c:/ac6/systemworkbench/plugins/fr.ac6.mcu.externaltools.arm-none.win32_1.17.0.201812190825/tools/compiler/bin/../lib/gcc/arm-none-eabi/7.3.1/../../../../arm-none-eabi/lib/thumb/v6-m\libc.a(lib_a-memset.o)
 .ARM.attributes
                0x000002cc       0x2c c:/ac6/systemworkbench/plugins/fr.ac6.mcu.externaltools.arm-none.win32_1.17.0.201812190825/tools/compiler/bin/../lib/gcc/arm-none-eabi/7.3.1/../../../../arm-none-eabi/lib/thumb/v6-m\libc.a(lib_a-printf.o)
 .ARM.attributes
                0x000002f8       0x2c c:/ac6/systemworkbench/plugins/fr.ac6.mcu.externaltools.arm-none.win32_1.17.0.201812190825/tools/compiler/bin/../lib/gcc/arm-none-eabi/7.3.1/../../../../arm-none-eabi/lib/thumb/v6-m\libc.a(lib_a-puts.o)
 .ARM.attributes
                0x00000324       0x2c c:/ac6/systemworkbench/plugins/fr.ac6.mcu.externaltools.arm-none.win32_1.17.0.201812190825/tools/compiler/bin/../lib/gcc/arm-none-eabi/7.3.1/../../../../arm-none-eabi/lib/thumb/v6-m\libc.a(lib_a-setbuf.o)
 .ARM.attributes
                0x00000350       0x2c c:/ac6/systemworkbench/plugins/fr.ac6.mcu.externaltools.arm-none.win32_1.17.0.201812190825/tools/compiler/bin/../lib/gcc/arm-none-eabi/7.3.1/../../../../arm-none-eabi/lib/thumb/v6-m\libc.a(lib_a-setvbuf.o)
 .ARM.attributes
                0x0000037c       0x1b c:/ac6/systemworkbench/plugins/fr.ac6.mcu.externaltools.arm-none.win32_1.17.0.201812190825/tools/compiler/bin/../lib/gcc/arm-none-eabi/7.3.1/../../../../arm-none-eabi/lib/thumb/v6-m\libc.a(lib_a-strcmp.o)
 .ARM.attributes
                0x00000397       0x2c c:/ac6/systemworkbench/plugins/fr.ac6.mcu.externaltools.arm-none.win32_1.17.0.201812190825/tools/compiler/bin/../lib/gcc/arm-none-eabi/7.3.1/../../../../arm-none-eabi/lib/thumb/v6-m\libc.a(lib_a-strlen-stub.o)
 .ARM.attributes
                0x000003c3       0x2c c:/ac6/systemworkbench/plugins/fr.ac6.mcu.externaltools.arm-none.win32_1.17.0.201812190825/tools/compiler/bin/../lib/gcc/arm-none-eabi/7.3.1/../../../../arm-none-eabi/lib/thumb/v6-m\libc.a(lib_a-vfprintf.o)
 .ARM.attributes
                0x000003ef       0x2c c:/ac6/systemworkbench/plugins/fr.ac6.mcu.externaltools.arm-none.win32_1.17.0.201812190825/tools/compiler/bin/../lib/gcc/arm-none-eabi/7.3.1/../../../../arm-none-eabi/lib/thumb/v6-m\libc.a(lib_a-wsetup.o)
 .ARM.attributes
                0x0000041b       0x2c c:/ac6/systemworkbench/plugins/fr.ac6.mcu.externaltools.arm-none.win32_1.17.0.201812190825/tools/compiler/bin/../lib/gcc/arm-none-eabi/7.3.1/../../../../arm-none-eabi/lib/thumb/v6-m\libc.a(lib_a-__call_atexit.o)
 .ARM.attributes
                0x00000447       0x2c c:/ac6/systemworkbench/plugins/fr.ac6.mcu.externaltools.arm-none.win32_1.17.0.201812190825/tools/compiler/bin/../lib/gcc/arm-none-eabi/7.3.1/../../../../arm-none-eabi/lib/thumb/v6-m\libc.a(lib_a-atexit.o)
 .ARM.attributes
                0x00000473       0x2c c:/ac6/systemworkbench/plugins/fr.ac6.mcu.externaltools.arm-none.win32_1.17.0.201812190825/tools/compiler/bin/../lib/gcc/arm-none-eabi/7.3.1/../../../../arm-none-eabi/lib/thumb/v6-m\libc.a(lib_a-dtoa.o)
 .ARM.attributes
                0x0000049f       0x2c c:/ac6/systemworkbench/plugins/fr.ac6.mcu.externaltools.arm-none.win32_1.17.0.201812190825/tools/compiler/bin/../lib/gcc/arm-none-eabi/7.3.1/../../../../arm-none-eabi/lib/thumb/v6-m\libc.a(lib_a-fflush.o)
 .ARM.attributes
                0x000004cb       0x2c c:/ac6/systemworkbench/plugins/fr.ac6.mcu.externaltools.arm-none.win32_1.17.0.201812190825/tools/compiler/bin/../lib/gcc/arm-none-eabi/7.3.1/../../../../arm-none-eabi/lib/thumb/v6-m\libc.a(lib_a-findfp.o)
 .ARM.attributes
                0x000004f7       0x2c c:/ac6/systemworkbench/plugins/fr.ac6.mcu.externaltools.arm-none.win32_1.17.0.201812190825/tools/compiler/bin/../lib/gcc/arm-none-eabi/7.3.1/../../../../arm-none-eabi/lib/thumb/v6-m\libc.a(lib_a-fini.o)
 .ARM.attributes
                0x00000523       0x2c c:/ac6/systemworkbench/plugins/fr.ac6.mcu.externaltools.arm-none.win32_1.17.0.201812190825/tools/compiler/bin/../lib/gcc/arm-none-eabi/7.3.1/../../../../arm-none-eabi/lib/thumb/v6-m\libc.a(lib_a-freer.o)
 .ARM.attributes
                0x0000054f       0x2c c:/ac6/systemworkbench/plugins/fr.ac6.mcu.externaltools.arm-none.win32_1.17.0.201812190825/tools/compiler/bin/../lib/gcc/arm-none-eabi/7.3.1/../../../../arm-none-eabi/lib/thumb/v6-m\libc.a(lib_a-fvwrite.o)
 .ARM.attributes
                0x0000057b       0x2c c:/ac6/systemworkbench/plugins/fr.ac6.mcu.externaltools.arm-none.win32_1.17.0.201812190825/tools/compiler/bin/../lib/gcc/arm-none-eabi/7.3.1/../../../../arm-none-eabi/lib/thumb/v6-m\libc.a(lib_a-fwalk.o)
 .ARM.attributes
                0x000005a7       0x2c c:/ac6/systemworkbench/plugins/fr.ac6.mcu.externaltools.arm-none.win32_1.17.0.201812190825/tools/compiler/bin/../lib/gcc/arm-none-eabi/7.3.1/../../../../arm-none-eabi/lib/thumb/v6-m\libc.a(lib_a-localeconv.o)
 .ARM.attributes
                0x000005d3       0x2c c:/ac6/systemworkbench/plugins/fr.ac6.mcu.externaltools.arm-none.win32_1.17.0.201812190825/tools/compiler/bin/../lib/gcc/arm-none-eabi/7.3.1/../../../../arm-none-eabi/lib/thumb/v6-m\libc.a(lib_a-lock.o)
 .ARM.attributes
                0x000005ff       0x2c c:/ac6/systemworkbench/plugins/fr.ac6.mcu.externaltools.arm-none.win32_1.17.0.201812190825/tools/compiler/bin/../lib/gcc/arm-none-eabi/7.3.1/../../../../arm-none-eabi/lib/thumb/v6-m\libc.a(lib_a-makebuf.o)
 .ARM.attributes
                0x0000062b       0x2c c:/ac6/systemworkbench/plugins/fr.ac6.mcu.externaltools.arm-none.win32_1.17.0.201812190825/tools/compiler/bin/../lib/gcc/arm-none-eabi/7.3.1/../../../../arm-none-eabi/lib/thumb/v6-m\libc.a(lib_a-malloc.o)
 .ARM.attributes
                0x00000657       0x2c c:/ac6/systemworkbench/plugins/fr.ac6.mcu.externaltools.arm-none.win32_1.17.0.201812190825/tools/compiler/bin/../lib/gcc/arm-none-eabi/7.3.1/../../../../arm-none-eabi/lib/thumb/v6-m\libc.a(lib_a-mallocr.o)
 .ARM.attributes
                0x00000683       0x2c c:/ac6/systemworkbench/plugins/fr.ac6.mcu.externaltools.arm-none.win32_1.17.0.201812190825/tools/compiler/bin/../lib/gcc/arm-none-eabi/7.3.1/../../../../arm-none-eabi/lib/thumb/v6-m\libc.a(lib_a-memchr-stub.o)
 .ARM.attributes
                0x000006af       0x2c c:/ac6/systemworkbench/plugins/fr.ac6.mcu.externaltools.arm-none.win32_1.17.0.201812190825/tools/compiler/bin/../lib/gcc/arm-none-eabi/7.3.1/../../../../arm-none-eabi/lib/thumb/v6-m\libc.a(lib_a-memcpy-stub.o)
 .ARM.attributes
                0x000006db       0x2c c:/ac6/systemworkbench/plugins/fr.ac6.mcu.externaltools.arm-none.win32_1.17.0.201812190825/tools/compiler/bin/../lib/gcc/arm-none-eabi/7.3.1/../../../../arm-none-eabi/lib/thumb/v6-m\libc.a(lib_a-memmove.o)
 .ARM.attributes
                0x00000707       0x2c c:/ac6/systemworkbench/plugins/fr.ac6.mcu.externaltools.arm-none.win32_1.17.0.201812190825/tools/compiler/bin/../lib/gcc/arm-none-eabi/7.3.1/../../../../arm-none-eabi/lib/thumb/v6-m\libc.a(lib_a-mlock.o)
 .ARM.attributes
                0x00000733       0x2c c:/ac6/systemworkbench/plugins/fr.ac6.mcu.externaltools.arm-none.win32_1.17.0.201812190825/tools/compiler/bin/../lib/gcc/arm-none-eabi/7.3.1/../../../../arm-none-eabi/lib/thumb/v6-m\libc.a(lib_a-mprec.o)
 .ARM.attributes
                0x0000075f       0x2c c:/ac6/systemworkbench/plugins/fr.ac6.mcu.externaltools.arm-none.win32_1.17.0.201812190825/tools/compiler/bin/../lib/gcc/arm-none-eabi/7.3.1/../../../../arm-none-eabi/lib/thumb/v6-m\libc.a(lib_a-reallocr.o)
 .ARM.attributes
                0x0000078b       0x2c c:/ac6/systemworkbench/plugins/fr.ac6.mcu.externaltools.arm-none.win32_1.17.0.201812190825/tools/compiler/bin/../lib/gcc/arm-none-eabi/7.3.1/../../../../arm-none-eabi/lib/thumb/v6-m\libc.a(lib_a-s_frexp.o)
 .ARM.attributes
                0x000007b7       0x2c c:/ac6/systemworkbench/plugins/fr.ac6.mcu.externaltools.arm-none.win32_1.17.0.201812190825/tools/compiler/bin/../lib/gcc/arm-none-eabi/7.3.1/../../../../arm-none-eabi/lib/thumb/v6-m\libc.a(lib_a-sbrkr.o)
 .ARM.attributes
                0x000007e3       0x2c c:/ac6/systemworkbench/plugins/fr.ac6.mcu.externaltools.arm-none.win32_1.17.0.201812190825/tools/compiler/bin/../lib/gcc/arm-none-eabi/7.3.1/../../../../arm-none-eabi/lib/thumb/v6-m\libc.a(lib_a-stdio.o)
 .ARM.attributes
                0x0000080f       0x2c c:/ac6/systemworkbench/plugins/fr.ac6.mcu.externaltools.arm-none.win32_1.17.0.201812190825/tools/compiler/bin/../lib/gcc/arm-none-eabi/7.3.1/../../../../arm-none-eabi/lib/thumb/v6-m\libc.a(lib_a-strncpy.o)
 .ARM.attributes
                0x0000083b       0x2c c:/ac6/systemworkbench/plugins/fr.ac6.mcu.externaltools.arm-none.win32_1.17.0.201812190825/tools/compiler/bin/../lib/gcc/arm-none-eabi/7.3.1/../../../../arm-none-eabi/lib/thumb/v6-m\libc.a(lib_a-vfiprintf.o)
 .ARM.attributes
                0x00000867       0x2c c:/ac6/systemworkbench/plugins/fr.ac6.mcu.externaltools.arm-none.win32_1.17.0.201812190825/tools/compiler/bin/../lib/gcc/arm-none-eabi/7.3.1/../../../../arm-none-eabi/lib/thumb/v6-m\libc.a(lib_a-writer.o)
 .ARM.attributes
                0x00000893       0x2c c:/ac6/systemworkbench/plugins/fr.ac6.mcu.externaltools.arm-none.win32_1.17.0.201812190825/tools/compiler/bin/../lib/gcc/arm-none-eabi/7.3.1/../../../../arm-none-eabi/lib/thumb/v6-m\libc.a(lib_a-__atexit.o)
 .ARM.attributes
                0x000008bf       0x2c c:/ac6/systemworkbench/plugins/fr.ac6.mcu.externaltools.arm-none.win32_1.17.0.201812190825/tools/compiler/bin/../lib/gcc/arm-none-eabi/7.3.1/../../../../arm-none-eabi/lib/thumb/v6-m\libc.a(lib_a-callocr.o)
 .ARM.attributes
                0x000008eb       0x2c c:/ac6/systemworkbench/plugins/fr.ac6.mcu.externaltools.arm-none.win32_1.17.0.201812190825/tools/compiler/bin/../lib/gcc/arm-none-eabi/7.3.1/../../../../arm-none-eabi/lib/thumb/v6-m\libc.a(lib_a-closer.o)
 .ARM.attributes
                0x00000917       0x2c c:/ac6/systemworkbench/plugins/fr.ac6.mcu.externaltools.arm-none.win32_1.17.0.201812190825/tools/compiler/bin/../lib/gcc/arm-none-eabi/7.3.1/../../../../arm-none-eabi/lib/thumb/v6-m\libc.a(lib_a-fclose.o)
 .ARM.attributes
                0x00000943       0x2c c:/ac6/systemworkbench/plugins/fr.ac6.mcu.externaltools.arm-none.win32_1.17.0.201812190825/tools/compiler/bin/../lib/gcc/arm-none-eabi/7.3.1/../../../../arm-none-eabi/lib/thumb/v6-m\libc.a(lib_a-fputwc.o)
 .ARM.attributes
                0x0000096f       0x2c c:/ac6/systemworkbench/plugins/fr.ac6.mcu.externaltools.arm-none.win32_1.17.0.201812190825/tools/compiler/bin/../lib/gcc/arm-none-eabi/7.3.1/../../../../arm-none-eabi/lib/thumb/v6-m\libc.a(lib_a-fstatr.o)
 .ARM.attributes
                0x0000099b       0x2c c:/ac6/systemworkbench/plugins/fr.ac6.mcu.externaltools.arm-none.win32_1.17.0.201812190825/tools/compiler/bin/../lib/gcc/arm-none-eabi/7.3.1/../../../../arm-none-eabi/lib/thumb/v6-m\libc.a(lib_a-isattyr.o)
 .ARM.attributes
                0x000009c7       0x2c c:/ac6/systemworkbench/plugins/fr.ac6.mcu.externaltools.arm-none.win32_1.17.0.201812190825/tools/compiler/bin/../lib/gcc/arm-none-eabi/7.3.1/../../../../arm-none-eabi/lib/thumb/v6-m\libc.a(lib_a-locale.o)
 .ARM.attributes
                0x000009f3       0x2c c:/ac6/systemworkbench/plugins/fr.ac6.mcu.externaltools.arm-none.win32_1.17.0.201812190825/tools/compiler/bin/../lib/gcc/arm-none-eabi/7.3.1/../../../../arm-none-eabi/lib/thumb/v6-m\libc.a(lib_a-lseekr.o)
 .ARM.attributes
                0x00000a1f       0x2c c:/ac6/systemworkbench/plugins/fr.ac6.mcu.externaltools.arm-none.win32_1.17.0.201812190825/tools/compiler/bin/../lib/gcc/arm-none-eabi/7.3.1/../../../../arm-none-eabi/lib/thumb/v6-m\libc.a(lib_a-mbtowc_r.o)
 .ARM.attributes
                0x00000a4b       0x2c c:/ac6/systemworkbench/plugins/fr.ac6.mcu.externaltools.arm-none.win32_1.17.0.201812190825/tools/compiler/bin/../lib/gcc/arm-none-eabi/7.3.1/../../../../arm-none-eabi/lib/thumb/v6-m\libc.a(lib_a-readr.o)
 .ARM.attributes
                0x00000a77       0x2c c:/ac6/systemworkbench/plugins/fr.ac6.mcu.externaltools.arm-none.win32_1.17.0.201812190825/tools/compiler/bin/../lib/gcc/arm-none-eabi/7.3.1/../../../../arm-none-eabi/lib/thumb/v6-m\libc.a(lib_a-reent.o)
 .ARM.attributes
                0x00000aa3       0x2c c:/ac6/systemworkbench/plugins/fr.ac6.mcu.externaltools.arm-none.win32_1.17.0.201812190825/tools/compiler/bin/../lib/gcc/arm-none-eabi/7.3.1/../../../../arm-none-eabi/lib/thumb/v6-m\libc.a(lib_a-wbuf.o)
 .ARM.attributes
                0x00000acf       0x2c c:/ac6/systemworkbench/plugins/fr.ac6.mcu.externaltools.arm-none.win32_1.17.0.201812190825/tools/compiler/bin/../lib/gcc/arm-none-eabi/7.3.1/../../../../arm-none-eabi/lib/thumb/v6-m\libc.a(lib_a-wcrtomb.o)
 .ARM.attributes
                0x00000afb       0x2c c:/ac6/systemworkbench/plugins/fr.ac6.mcu.externaltools.arm-none.win32_1.17.0.201812190825/tools/compiler/bin/../lib/gcc/arm-none-eabi/7.3.1/../../../../arm-none-eabi/lib/thumb/v6-m\libc.a(lib_a-wctomb_r.o)
 .ARM.attributes
                0x00000b27       0x2c c:/ac6/systemworkbench/plugins/fr.ac6.mcu.externaltools.arm-none.win32_1.17.0.201812190825/tools/compiler/bin/../lib/gcc/arm-none-eabi/7.3.1/../../../../arm-none-eabi/lib/thumb/v6-m\libc.a(lib_a-ctype_.o)
 .ARM.attributes
                0x00000b53       0x1e c:/ac6/systemworkbench/plugins/fr.ac6.mcu.externaltools.arm-none.win32_1.17.0.201812190825/tools/compiler/bin/../lib/gcc/arm-none-eabi/7.3.1/thumb/v6-m\libgcc.a(_arm_cmpdf2.o)
 .ARM.attributes
                0x00000b71       0x1e c:/ac6/systemworkbench/plugins/fr.ac6.mcu.externaltools.arm-none.win32_1.17.0.201812190825/tools/compiler/bin/../lib/gcc/arm-none-eabi/7.3.1/thumb/v6-m\libgcc.a(_aeabi_uldivmod.o)
 .ARM.attributes
                0x00000b8f       0x2c c:/ac6/systemworkbench/plugins/fr.ac6.mcu.externaltools.arm-none.win32_1.17.0.201812190825/tools/compiler/bin/../lib/gcc/arm-none-eabi/7.3.1/thumb/v6-m\libgcc.a(_udivmoddi4.o)
 .ARM.attributes
                0x00000bbb       0x2c c:/ac6/systemworkbench/plugins/fr.ac6.mcu.externaltools.arm-none.win32_1.17.0.201812190825/tools/compiler/bin/../lib/gcc/arm-none-eabi/7.3.1/thumb/v6-m\libgcc.a(adddf3.o)
 .ARM.attributes
                0x00000be7       0x2c c:/ac6/systemworkbench/plugins/fr.ac6.mcu.externaltools.arm-none.win32_1.17.0.201812190825/tools/compiler/bin/../lib/gcc/arm-none-eabi/7.3.1/thumb/v6-m\libgcc.a(divdf3.o)
 .ARM.attributes
                0x00000c13       0x2c c:/ac6/systemworkbench/plugins/fr.ac6.mcu.externaltools.arm-none.win32_1.17.0.201812190825/tools/compiler/bin/../lib/gcc/arm-none-eabi/7.3.1/thumb/v6-m\libgcc.a(eqdf2.o)
 .ARM.attributes
                0x00000c3f       0x2c c:/ac6/systemworkbench/plugins/fr.ac6.mcu.externaltools.arm-none.win32_1.17.0.201812190825/tools/compiler/bin/../lib/gcc/arm-none-eabi/7.3.1/thumb/v6-m\libgcc.a(gedf2.o)
 .ARM.attributes
                0x00000c6b       0x2c c:/ac6/systemworkbench/plugins/fr.ac6.mcu.externaltools.arm-none.win32_1.17.0.201812190825/tools/compiler/bin/../lib/gcc/arm-none-eabi/7.3.1/thumb/v6-m\libgcc.a(ledf2.o)
 .ARM.attributes
                0x00000c97       0x2c c:/ac6/systemworkbench/plugins/fr.ac6.mcu.externaltools.arm-none.win32_1.17.0.201812190825/tools/compiler/bin/../lib/gcc/arm-none-eabi/7.3.1/thumb/v6-m\libgcc.a(muldf3.o)
 .ARM.attributes
                0x00000cc3       0x2c c:/ac6/systemworkbench/plugins/fr.ac6.mcu.externaltools.arm-none.win32_1.17.0.201812190825/tools/compiler/bin/../lib/gcc/arm-none-eabi/7.3.1/thumb/v6-m\libgcc.a(subdf3.o)
 .ARM.attributes
                0x00000cef       0x2c c:/ac6/systemworkbench/plugins/fr.ac6.mcu.externaltools.arm-none.win32_1.17.0.201812190825/tools/compiler/bin/../lib/gcc/arm-none-eabi/7.3.1/thumb/v6-m\libgcc.a(unorddf2.o)
 .ARM.attributes
                0x00000d1b       0x2c c:/ac6/systemworkbench/plugins/fr.ac6.mcu.externaltools.arm-none.win32_1.17.0.201812190825/tools/compiler/bin/../lib/gcc/arm-none-eabi/7.3.1/thumb/v6-m\libgcc.a(fixdfsi.o)
 .ARM.attributes
                0x00000d47       0x2c c:/ac6/systemworkbench/plugins/fr.ac6.mcu.externaltools.arm-none.win32_1.17.0.201812190825/tools/compiler/bin/../lib/gcc/arm-none-eabi/7.3.1/thumb/v6-m\libgcc.a(floatsidf.o)
 .ARM.attributes
                0x00000d73       0x2c c:/ac6/systemworkbench/plugins/fr.ac6.mcu.externaltools.arm-none.win32_1.17.0.201812190825/tools/compiler/bin/../lib/gcc/arm-none-eabi/7.3.1/thumb/v6-m\libgcc.a(floatunsidf.o)
 .ARM.attributes
                0x00000d9f       0x1e c:/ac6/systemworkbench/plugins/fr.ac6.mcu.externaltools.arm-none.win32_1.17.0.201812190825/tools/compiler/bin/../lib/gcc/arm-none-eabi/7.3.1/thumb/v6-m\libgcc.a(_clzsi2.o)
 .ARM.attributes
                0x00000dbd       0x1e c:/ac6/systemworkbench/plugins/fr.ac6.mcu.externaltools.arm-none.win32_1.17.0.201812190825/tools/compiler/bin/../lib/gcc/arm-none-eabi/7.3.1/thumb/v6-m\libgcc.a(_clzdi2.o)
 .ARM.attributes
                0x00000ddb       0x1e c:/ac6/systemworkbench/plugins/fr.ac6.mcu.externaltools.arm-none.win32_1.17.0.201812190825/tools/compiler/bin/../lib/gcc/arm-none-eabi/7.3.1/thumb/v6-m/crtn.o
OUTPUT(roll-for-initiative.elf elf32-littlearm)

.debug_info     0x00000000     0x5d52
 .debug_info    0x00000000      0x22b src/fifo.o
 .debug_info    0x0000022b     0x1576 src/lcd.o
 .debug_info    0x000017a1     0x1925 src/main.o
 .debug_info    0x000030c6      0xf2e src/syscalls.o
 .debug_info    0x00003ff4      0x306 src/system_stm32f0xx.o
 .debug_info    0x000042fa      0xb8f src/tty.o
 .debug_info    0x00004e89      0xea7 src/ui.o
 .debug_info    0x00005d30       0x22 startup/startup_stm32.o

.debug_abbrev   0x00000000     0x1146
 .debug_abbrev  0x00000000      0x11a src/fifo.o
 .debug_abbrev  0x0000011a      0x317 src/lcd.o
 .debug_abbrev  0x00000431      0x42e src/main.o
 .debug_abbrev  0x0000085f      0x2aa src/syscalls.o
 .debug_abbrev  0x00000b09      0x15b src/system_stm32f0xx.o
 .debug_abbrev  0x00000c64      0x295 src/tty.o
 .debug_abbrev  0x00000ef9      0x23b src/ui.o
 .debug_abbrev  0x00001134       0x12 startup/startup_stm32.o

.debug_aranges  0x00000000      0x3d0
 .debug_aranges
                0x00000000       0x48 src/fifo.o
 .debug_aranges
                0x00000048       0xe8 src/lcd.o
 .debug_aranges
                0x00000130      0x120 src/main.o
 .debug_aranges
                0x00000250       0xb0 src/syscalls.o
 .debug_aranges
                0x00000300       0x30 src/system_stm32f0xx.o
 .debug_aranges
                0x00000330       0x48 src/tty.o
 .debug_aranges
                0x00000378       0x30 src/ui.o
 .debug_aranges
                0x000003a8       0x28 startup/startup_stm32.o

.debug_ranges   0x00000000      0x378
 .debug_ranges  0x00000000       0x38 src/fifo.o
 .debug_ranges  0x00000038       0xd8 src/lcd.o
 .debug_ranges  0x00000110      0x110 src/main.o
 .debug_ranges  0x00000220       0xa0 src/syscalls.o
 .debug_ranges  0x000002c0       0x20 src/system_stm32f0xx.o
 .debug_ranges  0x000002e0       0x58 src/tty.o
 .debug_ranges  0x00000338       0x20 src/ui.o
 .debug_ranges  0x00000358       0x20 startup/startup_stm32.o

.debug_macro    0x00000000     0x2758
 .debug_macro   0x00000000       0x6d src/fifo.o
 .debug_macro   0x0000006d      0x29e src/lcd.o
 .debug_macro   0x0000030b       0x18 src/lcd.o
 .debug_macro   0x00000323       0x5e src/lcd.o
 .debug_macro   0x00000381       0x35 src/lcd.o
 .debug_macro   0x000003b6       0x34 src/lcd.o
 .debug_macro   0x000003ea       0x16 src/lcd.o
 .debug_macro   0x00000400      0x10e src/lcd.o
 .debug_macro   0x0000050e       0x8d src/lcd.o
 .debug_macro   0x0000059b       0x58 src/lcd.o
 .debug_macro   0x000005f3       0x1f src/lcd.o
 .debug_macro   0x00000612       0x43 src/lcd.o
 .debug_macro   0x00000655       0x20 src/lcd.o
 .debug_macro   0x00000675      0x18e src/lcd.o
 .debug_macro   0x00000803      0x330 src/lcd.o
 .debug_macro   0x00000b33       0x16 src/lcd.o
 .debug_macro   0x00000b49       0x29 src/lcd.o
 .debug_macro   0x00000b72       0x9a src/lcd.o
 .debug_macro   0x00000c0c      0x374 src/main.o
 .debug_macro   0x00000f80       0x16 src/main.o
 .debug_macro   0x00000f96       0x97 src/main.o
 .debug_macro   0x0000102d       0xfd src/main.o
 .debug_macro   0x0000112a       0x10 src/main.o
 .debug_macro   0x0000113a       0x10 src/main.o
 .debug_macro   0x0000114a       0x1c src/main.o
 .debug_macro   0x00001166       0x52 src/main.o
 .debug_macro   0x000011b8       0x40 src/main.o
 .debug_macro   0x000011f8       0x10 src/main.o
 .debug_macro   0x00001208       0x40 src/main.o
 .debug_macro   0x00001248       0xd7 src/main.o
 .debug_macro   0x0000131f       0x1c src/main.o
 .debug_macro   0x0000133b       0x3d src/main.o
 .debug_macro   0x00001378       0x16 src/main.o
 .debug_macro   0x0000138e      0x16f src/main.o
 .debug_macro   0x000014fd       0x35 src/main.o
 .debug_macro   0x00001532       0x16 src/main.o
 .debug_macro   0x00001548      0x243 src/syscalls.o
 .debug_macro   0x0000178b       0x58 src/syscalls.o
 .debug_macro   0x000017e3       0x94 src/syscalls.o
 .debug_macro   0x00001877       0x57 src/syscalls.o
 .debug_macro   0x000018ce      0x174 src/syscalls.o
 .debug_macro   0x00001a42       0x10 src/syscalls.o
 .debug_macro   0x00001a52       0x10 src/syscalls.o
 .debug_macro   0x00001a62       0x10 src/syscalls.o
 .debug_macro   0x00001a72       0x35 src/syscalls.o
 .debug_macro   0x00001aa7      0x122 src/syscalls.o
 .debug_macro   0x00001bc9       0x10 src/syscalls.o
 .debug_macro   0x00001bd9      0x241 src/syscalls.o
 .debug_macro   0x00001e1a       0x1c src/syscalls.o
 .debug_macro   0x00001e36       0x10 src/syscalls.o
 .debug_macro   0x00001e46      0x189 src/syscalls.o
 .debug_macro   0x00001fcf       0x16 src/syscalls.o
 .debug_macro   0x00001fe5       0x88 src/syscalls.o
 .debug_macro   0x0000206d      0x189 src/system_stm32f0xx.o
 .debug_macro   0x000021f6      0x2fc src/tty.o
 .debug_macro   0x000024f2      0x266 src/ui.o

.debug_line     0x00000000     0x358a
 .debug_line    0x00000000      0x38d src/fifo.o
 .debug_line    0x0000038d      0xad5 src/lcd.o
 .debug_line    0x00000e62      0xb54 src/main.o
 .debug_line    0x000019b6      0x5df src/syscalls.o
 .debug_line    0x00001f95      0x631 src/system_stm32f0xx.o
 .debug_line    0x000025c6      0x7b5 src/tty.o
 .debug_line    0x00002d7b      0x793 src/ui.o
 .debug_line    0x0000350e       0x7c startup/startup_stm32.o

.debug_str      0x00000000    0x5077d
 .debug_str     0x00000000     0x3a62 src/fifo.o
                               0x3bdc (size before relaxing)
 .debug_str     0x00003a62    0x4a2ac src/lcd.o
                              0x4df1e (size before relaxing)
 .debug_str     0x0004dd0e     0x167d src/main.o
                              0x4f275 (size before relaxing)
 .debug_str     0x0004f38b     0x110a src/syscalls.o
                               0x84f2 (size before relaxing)
 .debug_str     0x00050495       0xb2 src/system_stm32f0xx.o
                              0x4aa9a (size before relaxing)
 .debug_str     0x00050547       0x76 src/tty.o
                              0x4eb85 (size before relaxing)
 .debug_str     0x000505bd      0x197 src/ui.o
                              0x4dce4 (size before relaxing)
 .debug_str     0x00050754       0x29 startup/startup_stm32.o
                                 0x60 (size before relaxing)

.comment        0x00000000       0x7f
 .comment       0x00000000       0x7f src/fifo.o
                                 0x80 (size before relaxing)
 .comment       0x0000007f       0x80 src/lcd.o
 .comment       0x0000007f       0x80 src/main.o
 .comment       0x0000007f       0x80 src/syscalls.o
 .comment       0x0000007f       0x80 src/system_stm32f0xx.o
 .comment       0x0000007f       0x80 src/tty.o
 .comment       0x0000007f       0x80 src/ui.o

.debug_frame    0x00000000     0x2004
 .debug_frame   0x00000000       0xd0 src/fifo.o
 .debug_frame   0x000000d0      0x368 src/lcd.o
 .debug_frame   0x00000438      0x3e4 src/main.o
 .debug_frame   0x0000081c      0x264 src/syscalls.o
 .debug_frame   0x00000a80       0x6c src/system_stm32f0xx.o
 .debug_frame   0x00000aec       0xc8 src/tty.o
 .debug_frame   0x00000bb4       0x7c src/ui.o
 .debug_frame   0x00000c30       0x20 c:/ac6/systemworkbench/plugins/fr.ac6.mcu.externaltools.arm-none.win32_1.17.0.201812190825/tools/compiler/bin/../lib/gcc/arm-none-eabi/7.3.1/thumb/v6-m\libgcc.a(_udivsi3.o)
 .debug_frame   0x00000c50       0x20 c:/ac6/systemworkbench/plugins/fr.ac6.mcu.externaltools.arm-none.win32_1.17.0.201812190825/tools/compiler/bin/../lib/gcc/arm-none-eabi/7.3.1/thumb/v6-m\libgcc.a(_divsi3.o)
 .debug_frame   0x00000c70       0x20 c:/ac6/systemworkbench/plugins/fr.ac6.mcu.externaltools.arm-none.win32_1.17.0.201812190825/tools/compiler/bin/../lib/gcc/arm-none-eabi/7.3.1/../../../../arm-none-eabi/lib/thumb/v6-m\libc.a(lib_a-errno.o)
 .debug_frame   0x00000c90       0x2c c:/ac6/systemworkbench/plugins/fr.ac6.mcu.externaltools.arm-none.win32_1.17.0.201812190825/tools/compiler/bin/../lib/gcc/arm-none-eabi/7.3.1/../../../../arm-none-eabi/lib/thumb/v6-m\libc.a(lib_a-init.o)
 .debug_frame   0x00000cbc       0x30 c:/ac6/systemworkbench/plugins/fr.ac6.mcu.externaltools.arm-none.win32_1.17.0.201812190825/tools/compiler/bin/../lib/gcc/arm-none-eabi/7.3.1/../../../../arm-none-eabi/lib/thumb/v6-m\libc.a(lib_a-memset.o)
 .debug_frame   0x00000cec       0x48 c:/ac6/systemworkbench/plugins/fr.ac6.mcu.externaltools.arm-none.win32_1.17.0.201812190825/tools/compiler/bin/../lib/gcc/arm-none-eabi/7.3.1/../../../../arm-none-eabi/lib/thumb/v6-m\libc.a(lib_a-printf.o)
 .debug_frame   0x00000d34       0x44 c:/ac6/systemworkbench/plugins/fr.ac6.mcu.externaltools.arm-none.win32_1.17.0.201812190825/tools/compiler/bin/../lib/gcc/arm-none-eabi/7.3.1/../../../../arm-none-eabi/lib/thumb/v6-m\libc.a(lib_a-puts.o)
 .debug_frame   0x00000d78       0x28 c:/ac6/systemworkbench/plugins/fr.ac6.mcu.externaltools.arm-none.win32_1.17.0.201812190825/tools/compiler/bin/../lib/gcc/arm-none-eabi/7.3.1/../../../../arm-none-eabi/lib/thumb/v6-m\libc.a(lib_a-setbuf.o)
 .debug_frame   0x00000da0       0x38 c:/ac6/systemworkbench/plugins/fr.ac6.mcu.externaltools.arm-none.win32_1.17.0.201812190825/tools/compiler/bin/../lib/gcc/arm-none-eabi/7.3.1/../../../../arm-none-eabi/lib/thumb/v6-m\libc.a(lib_a-setvbuf.o)
 .debug_frame   0x00000dd8       0x20 c:/ac6/systemworkbench/plugins/fr.ac6.mcu.externaltools.arm-none.win32_1.17.0.201812190825/tools/compiler/bin/../lib/gcc/arm-none-eabi/7.3.1/../../../../arm-none-eabi/lib/thumb/v6-m\libc.a(lib_a-strcmp.o)
 .debug_frame   0x00000df8       0x28 c:/ac6/systemworkbench/plugins/fr.ac6.mcu.externaltools.arm-none.win32_1.17.0.201812190825/tools/compiler/bin/../lib/gcc/arm-none-eabi/7.3.1/../../../../arm-none-eabi/lib/thumb/v6-m\libc.a(lib_a-strlen-stub.o)
 .debug_frame   0x00000e20       0x78 c:/ac6/systemworkbench/plugins/fr.ac6.mcu.externaltools.arm-none.win32_1.17.0.201812190825/tools/compiler/bin/../lib/gcc/arm-none-eabi/7.3.1/../../../../arm-none-eabi/lib/thumb/v6-m\libc.a(lib_a-vfprintf.o)
 .debug_frame   0x00000e98       0x2c c:/ac6/systemworkbench/plugins/fr.ac6.mcu.externaltools.arm-none.win32_1.17.0.201812190825/tools/compiler/bin/../lib/gcc/arm-none-eabi/7.3.1/../../../../arm-none-eabi/lib/thumb/v6-m\libc.a(lib_a-wsetup.o)
 .debug_frame   0x00000ec4       0x54 c:/ac6/systemworkbench/plugins/fr.ac6.mcu.externaltools.arm-none.win32_1.17.0.201812190825/tools/compiler/bin/../lib/gcc/arm-none-eabi/7.3.1/../../../../arm-none-eabi/lib/thumb/v6-m\libc.a(lib_a-__call_atexit.o)
 .debug_frame   0x00000f18       0x28 c:/ac6/systemworkbench/plugins/fr.ac6.mcu.externaltools.arm-none.win32_1.17.0.201812190825/tools/compiler/bin/../lib/gcc/arm-none-eabi/7.3.1/../../../../arm-none-eabi/lib/thumb/v6-m\libc.a(lib_a-atexit.o)
 .debug_frame   0x00000f40       0x68 c:/ac6/systemworkbench/plugins/fr.ac6.mcu.externaltools.arm-none.win32_1.17.0.201812190825/tools/compiler/bin/../lib/gcc/arm-none-eabi/7.3.1/../../../../arm-none-eabi/lib/thumb/v6-m\libc.a(lib_a-dtoa.o)
 .debug_frame   0x00000fa8       0x68 c:/ac6/systemworkbench/plugins/fr.ac6.mcu.externaltools.arm-none.win32_1.17.0.201812190825/tools/compiler/bin/../lib/gcc/arm-none-eabi/7.3.1/../../../../arm-none-eabi/lib/thumb/v6-m\libc.a(lib_a-fflush.o)
 .debug_frame   0x00001010      0x170 c:/ac6/systemworkbench/plugins/fr.ac6.mcu.externaltools.arm-none.win32_1.17.0.201812190825/tools/compiler/bin/../lib/gcc/arm-none-eabi/7.3.1/../../../../arm-none-eabi/lib/thumb/v6-m\libc.a(lib_a-findfp.o)
 .debug_frame   0x00001180       0x2c c:/ac6/systemworkbench/plugins/fr.ac6.mcu.externaltools.arm-none.win32_1.17.0.201812190825/tools/compiler/bin/../lib/gcc/arm-none-eabi/7.3.1/../../../../arm-none-eabi/lib/thumb/v6-m\libc.a(lib_a-fini.o)
 .debug_frame   0x000011ac       0x58 c:/ac6/systemworkbench/plugins/fr.ac6.mcu.externaltools.arm-none.win32_1.17.0.201812190825/tools/compiler/bin/../lib/gcc/arm-none-eabi/7.3.1/../../../../arm-none-eabi/lib/thumb/v6-m\libc.a(lib_a-freer.o)
 .debug_frame   0x00001204       0x3c c:/ac6/systemworkbench/plugins/fr.ac6.mcu.externaltools.arm-none.win32_1.17.0.201812190825/tools/compiler/bin/../lib/gcc/arm-none-eabi/7.3.1/../../../../arm-none-eabi/lib/thumb/v6-m\libc.a(lib_a-fvwrite.o)
 .debug_frame   0x00001240       0x5c c:/ac6/systemworkbench/plugins/fr.ac6.mcu.externaltools.arm-none.win32_1.17.0.201812190825/tools/compiler/bin/../lib/gcc/arm-none-eabi/7.3.1/../../../../arm-none-eabi/lib/thumb/v6-m\libc.a(lib_a-fwalk.o)
 .debug_frame   0x0000129c       0x40 c:/ac6/systemworkbench/plugins/fr.ac6.mcu.externaltools.arm-none.win32_1.17.0.201812190825/tools/compiler/bin/../lib/gcc/arm-none-eabi/7.3.1/../../../../arm-none-eabi/lib/thumb/v6-m\libc.a(lib_a-localeconv.o)
 .debug_frame   0x000012dc       0xb0 c:/ac6/systemworkbench/plugins/fr.ac6.mcu.externaltools.arm-none.win32_1.17.0.201812190825/tools/compiler/bin/../lib/gcc/arm-none-eabi/7.3.1/../../../../arm-none-eabi/lib/thumb/v6-m\libc.a(lib_a-lock.o)
 .debug_frame   0x0000138c       0x50 c:/ac6/systemworkbench/plugins/fr.ac6.mcu.externaltools.arm-none.win32_1.17.0.201812190825/tools/compiler/bin/../lib/gcc/arm-none-eabi/7.3.1/../../../../arm-none-eabi/lib/thumb/v6-m\libc.a(lib_a-makebuf.o)
 .debug_frame   0x000013dc       0x40 c:/ac6/systemworkbench/plugins/fr.ac6.mcu.externaltools.arm-none.win32_1.17.0.201812190825/tools/compiler/bin/../lib/gcc/arm-none-eabi/7.3.1/../../../../arm-none-eabi/lib/thumb/v6-m\libc.a(lib_a-malloc.o)
 .debug_frame   0x0000141c       0x3c c:/ac6/systemworkbench/plugins/fr.ac6.mcu.externaltools.arm-none.win32_1.17.0.201812190825/tools/compiler/bin/../lib/gcc/arm-none-eabi/7.3.1/../../../../arm-none-eabi/lib/thumb/v6-m\libc.a(lib_a-mallocr.o)
 .debug_frame   0x00001458       0x2c c:/ac6/systemworkbench/plugins/fr.ac6.mcu.externaltools.arm-none.win32_1.17.0.201812190825/tools/compiler/bin/../lib/gcc/arm-none-eabi/7.3.1/../../../../arm-none-eabi/lib/thumb/v6-m\libc.a(lib_a-memchr-stub.o)
 .debug_frame   0x00001484       0x30 c:/ac6/systemworkbench/plugins/fr.ac6.mcu.externaltools.arm-none.win32_1.17.0.201812190825/tools/compiler/bin/../lib/gcc/arm-none-eabi/7.3.1/../../../../arm-none-eabi/lib/thumb/v6-m\libc.a(lib_a-memcpy-stub.o)
 .debug_frame   0x000014b4       0x30 c:/ac6/systemworkbench/plugins/fr.ac6.mcu.externaltools.arm-none.win32_1.17.0.201812190825/tools/compiler/bin/../lib/gcc/arm-none-eabi/7.3.1/../../../../arm-none-eabi/lib/thumb/v6-m\libc.a(lib_a-memmove.o)